Component: ARM Compiler 5.06 update 3 (build 300) Tool: armlink [4d35c9]

==============================================================================

Section Cross References

    startup_stm32f427xx.o(RESET) refers to startup_stm32f427xx.o(STACK) for __initial_sp
    startup_stm32f427xx.o(RESET) refers to startup_stm32f427xx.o(.text) for Reset_Handler
    startup_stm32f427xx.o(RESET) refers to stm32f4xx_it.o(i.NMI_Handler) for NMI_Handler
    startup_stm32f427xx.o(RESET) refers to stm32f4xx_it.o(i.HardFault_Handler) for HardFault_Handler
    startup_stm32f427xx.o(RESET) refers to stm32f4xx_it.o(i.MemManage_Handler) for MemManage_Handler
    startup_stm32f427xx.o(RESET) refers to stm32f4xx_it.o(i.BusFault_Handler) for BusFault_Handler
    startup_stm32f427xx.o(RESET) refers to stm32f4xx_it.o(i.UsageFault_Handler) for UsageFault_Handler
    startup_stm32f427xx.o(RESET) refers to port.o(.emb_text) for SVC_Handler
    startup_stm32f427xx.o(RESET) refers to stm32f4xx_it.o(i.DebugMon_Handler) for DebugMon_Handler
    startup_stm32f427xx.o(RESET) refers to delay.o(i.SysTick_Handler) for SysTick_Handler
    startup_stm32f427xx.o(RESET) refers to can.o(i.CAN1_TX_IRQHandler) for CAN1_TX_IRQHandler
    startup_stm32f427xx.o(RESET) refers to can.o(i.CAN1_RX0_IRQHandler) for CAN1_RX0_IRQHandler
    startup_stm32f427xx.o(RESET) refers to tim.o(i.TIM2_IRQHandler) for TIM2_IRQHandler
    startup_stm32f427xx.o(RESET) refers to usart.o(i.USART1_IRQHandler) for USART1_IRQHandler
    startup_stm32f427xx.o(.text) refers to system_stm32f4xx.o(i.SystemInit) for SystemInit
    startup_stm32f427xx.o(.text) refers to entry.o(.ARM.Collect$$$$00000000) for __main
    main.o(i.main) refers to robotac_init.o(i.Robotac_Init) for Robotac_Init
    stm32f4xx_hal_msp.o(i.HAL_TIM_Base_MspInit) refers to stm32f4xx_hal_cortex.o(i.HAL_NVIC_SetPriority) for HAL_NVIC_SetPriority
    stm32f4xx_hal_msp.o(i.HAL_TIM_Base_MspInit) refers to stm32f4xx_hal_cortex.o(i.HAL_NVIC_EnableIRQ) for HAL_NVIC_EnableIRQ
    stm32f4xx_hal_msp.o(i.HAL_TIM_PWM_MspInit) refers to memseta.o(.text) for __aeabi_memclr4
    stm32f4xx_hal_msp.o(i.HAL_TIM_PWM_MspInit) refers to stm32f4xx_hal_gpio.o(i.HAL_GPIO_Init) for HAL_GPIO_Init
    stm32f4xx_hal_msp.o(i.HAL_UART_MspDeInit) refers to stm32f4xx_hal_gpio.o(i.HAL_GPIO_DeInit) for HAL_GPIO_DeInit
    stm32f4xx_hal_msp.o(i.HAL_UART_MspInit) refers to memseta.o(.text) for __aeabi_memclr4
    stm32f4xx_hal_msp.o(i.HAL_UART_MspInit) refers to stm32f4xx_hal_gpio.o(i.HAL_GPIO_Init) for HAL_GPIO_Init
    stm32f4xx_hal_msp.o(i.HAL_UART_MspInit) refers to stm32f4xx_hal_dma.o(i.HAL_DMA_Init) for HAL_DMA_Init
    stm32f4xx_hal_msp.o(i.HAL_UART_MspInit) refers to stm32f4xx_hal_cortex.o(i.HAL_NVIC_SetPriority) for HAL_NVIC_SetPriority
    stm32f4xx_hal_msp.o(i.HAL_UART_MspInit) refers to stm32f4xx_hal_cortex.o(i.HAL_NVIC_EnableIRQ) for HAL_NVIC_EnableIRQ
    stm32f4xx_hal_msp.o(i.HAL_UART_MspInit) refers to usart.o(.bss) for hdma_usart1_rx
    tim.o(i.MY_TIM2_Init) refers to stm32f4xx_hal_tim.o(i.HAL_TIM_Base_Init) for HAL_TIM_Base_Init
    tim.o(i.MY_TIM2_Init) refers to stm32f4xx_hal_tim.o(i.HAL_TIM_ConfigClockSource) for HAL_TIM_ConfigClockSource
    tim.o(i.MY_TIM2_Init) refers to stm32f4xx_hal_tim_ex.o(i.HAL_TIMEx_MasterConfigSynchronization) for HAL_TIMEx_MasterConfigSynchronization
    tim.o(i.MY_TIM2_Init) refers to stm32f4xx_hal_tim.o(i.HAL_TIM_Base_Start_IT) for HAL_TIM_Base_Start_IT
    tim.o(i.MY_TIM2_Init) refers to tim.o(.bss) for .bss
    tim.o(i.MY_TIM4_Pwm_Init) refers to stm32f4xx_hal_tim.o(i.HAL_TIM_PWM_Init) for HAL_TIM_PWM_Init
    tim.o(i.MY_TIM4_Pwm_Init) refers to stm32f4xx_hal_tim.o(i.HAL_TIM_PWM_ConfigChannel) for HAL_TIM_PWM_ConfigChannel
    tim.o(i.MY_TIM4_Pwm_Init) refers to stm32f4xx_hal_tim.o(i.HAL_TIM_PWM_Start) for HAL_TIM_PWM_Start
    tim.o(i.MY_TIM4_Pwm_Init) refers to tim.o(.bss) for .bss
    tim.o(i.TIM2_IRQHandler) refers to stm32f4xx_hal_tim.o(i.HAL_TIM_IRQHandler) for HAL_TIM_IRQHandler
    tim.o(i.TIM2_IRQHandler) refers to stm32f4xx_hal_gpio.o(i.HAL_GPIO_TogglePin) for HAL_GPIO_TogglePin
    tim.o(i.TIM2_IRQHandler) refers to tim.o(.bss) for .bss
    tim.o(i.TIM2_IRQHandler) refers to tim.o(.data) for .data
    delay.o(i.SysTick_Handler) refers to tasks.o(i.xTaskGetSchedulerState) for xTaskGetSchedulerState
    delay.o(i.SysTick_Handler) refers to port.o(i.xPortSysTickHandler) for xPortSysTickHandler
    delay.o(i.SysTick_Handler) refers to stm32f4xx_hal.o(i.HAL_IncTick) for HAL_IncTick
    delay.o(i.delay_init) refers to stm32f4xx_hal_cortex.o(i.HAL_SYSTICK_CLKSourceConfig) for HAL_SYSTICK_CLKSourceConfig
    delay.o(i.delay_init) refers to delay.o(.data) for .data
    delay.o(i.delay_ms) refers to tasks.o(i.xTaskGetSchedulerState) for xTaskGetSchedulerState
    delay.o(i.delay_ms) refers to tasks.o(i.vTaskDelay) for vTaskDelay
    delay.o(i.delay_ms) refers to delay.o(i.delay_us) for delay_us
    delay.o(i.delay_ms) refers to delay.o(.data) for .data
[...]
    .text                                    0x080002a4   Section        0  uldiv.o(.text)
    .text                                    0x08000306   Section        0  memcpya.o(.text)
    .text                                    0x0800032a   Section        0  memseta.o(.text)
    .text                                    0x0800034e   Section        0  llshl.o(.text)
    .text                                    0x0800036c   Section        0  llushr.o(.text)
    .text                                    0x0800038c   Section       36  init.o(.text)
    i.BusFault_Handler                       0x080003b0   Section        0  stm32f4xx_it.o(i.BusFault_Handler)
    i.CAN1_RX0_IRQHandler                    0x080003b4   Section        0  can.o(i.CAN1_RX0_IRQHandler)
    i.CAN1_TX_IRQHandler                     0x080003c0   Section        0  can.o(i.CAN1_TX_IRQHandler)
    i.Callback_RC_Handle                     0x080003cc   Section        0  remote_ctrl.o(i.Callback_RC_Handle)
    i.DMA_CalcBaseAndBitshift                0x080004a0   Section        0  stm32f4xx_hal_dma.o(i.DMA_CalcBaseAndBitshift)
    DMA_CalcBaseAndBitshift                  0x080004a1   Thumb Code    38  stm32f4xx_hal_dma.o(i.DMA_CalcBaseAndBitshift)
    i.DMA_CheckFifoParam                     0x080004cc   Section        0  stm32f4xx_hal_dma.o(i.DMA_CheckFifoParam)
    DMA_CheckFifoParam                       0x080004cd   Thumb Code   120  stm32f4xx_hal_dma.o(i.DMA_CheckFifoParam)
    i.DMA_SetConfig                          0x08000544   Section        0  stm32f4xx_hal_dma.o(i.DMA_SetConfig)
    DMA_SetConfig                            0x08000545   Thumb Code    42  stm32f4xx_hal_dma.o(i.DMA_SetConfig)
    i.DebugMon_Handler                       0x0800056e   Section        0  stm32f4xx_it.o(i.DebugMon_Handler)
    i.Error_Handler                          0x08000570   Section        0  main.o(i.Error_Handler)
    i.HAL_CAN_ActivateNotification           0x08000572   Section        0  stm32f4xx_hal_can_1.o(i.HAL_CAN_ActivateNotification)
    i.HAL_CAN_AddTxMessage                   0x08000596   Section        0  stm32f4xx_hal_can_1.o(i.HAL_CAN_AddTxMessage)
    i.HAL_CAN_ConfigFilter                   0x08000688   Section        0  stm32f4xx_hal_can_1.o(i.HAL_CAN_ConfigFilter)
    i.HAL_CAN_ErrorCallback                  0x08000798   Section        0  can.o(i.HAL_CAN_ErrorCallback)
    i.HAL_CAN_GetRxMessage                   0x080007ac   Section        0  stm32f4xx_hal_can_1.o(i.HAL_CAN_GetRxMessage)
    i.HAL_CAN_IRQHandler                     0x080008b0   Section        0  stm32f4xx_hal_can_1.o(i.HAL_CAN_IRQHandler)
    i.HAL_CAN_Init                           0x08000aac   Section        0  stm32f4xx_hal_can_1.o(i.HAL_CAN_Init)
    i.HAL_CAN_MspInit                        0x08000c00   Section        0  can.o(i.HAL_CAN_MspInit)
    i.HAL_CAN_RxFifo0FullCallback            0x08000c74   Section        0  stm32f4xx_hal_can_1.o(i.HAL_CAN_RxFifo0FullCallback)
    i.HAL_CAN_RxFifo0MsgPendingCallback      0x08000c78   Section        0  bsp_can.o(i.HAL_CAN_RxFifo0MsgPendingCallback)
    i.HAL_CAN_RxFifo1FullCallback            0x08000cfc   Section        0  stm32f4xx_hal_can_1.o(i.HAL_CAN_RxFifo1FullCallback)
    i.HAL_CAN_RxFifo1MsgPendingCallback      0x08000cfe   Section        0  stm32f4xx_hal_can_1.o(i.HAL_CAN_RxFifo1MsgPendingCallback)
    i.HAL_CAN_SleepCallback                  0x08000d00   Section        0  stm32f4xx_hal_can_1.o(i.HAL_CAN_SleepCallback)
    i.HAL_CAN_Start                          0x08000d02   Section        0  stm32f4xx_hal_can_1.o(i.HAL_CAN_Start)
    i.HAL_CAN_TxMailbox0AbortCallback        0x08000d5a   Section        0  stm32f4xx_hal_can_1.o(i.HAL_CAN_TxMailbox0AbortCallback)
    i.HAL_CAN_TxMailbox0CompleteCallback     0x08000d5c   Section        0  stm32f4xx_hal_can_1.o(i.HAL_CAN_TxMailbox0CompleteCallback)
    i.HAL_CAN_TxMailbox1AbortCallback        0x08000d5e   Section        0  stm32f4xx_hal_can_1.o(i.HAL_CAN_TxMailbox1AbortCallback)
    i.HAL_CAN_TxMailbox1CompleteCallback     0x08000d60   Section        0  stm32f4xx_hal_can_1.o(i.HAL_CAN_TxMailbox1CompleteCallback)
    i.HAL_CAN_TxMailbox2AbortCallback        0x08000d62   Section        0  stm32f4xx_hal_can_1.o(i.HAL_CAN_TxMailbox2AbortCallback)
    i.HAL_CAN_TxMailbox2CompleteCallback     0x08000d64   Section        0  stm32f4xx_hal_can_1.o(i.HAL_CAN_TxMailbox2CompleteCallback)
    i.HAL_CAN_WakeUpFromRxMsgCallback        0x08000d66   Section        0  stm32f4xx_hal_can_1.o(i.HAL_CAN_WakeUpFromRxMsgCallback)
    i.HAL_DMA_Init                           0x08000d68   Section        0  stm32f4xx_hal_dma.o(i.HAL_DMA_Init)
    i.HAL_DMA_Start                          0x08000e3c   Section        0  stm32f4xx_hal_dma.o(i.HAL_DMA_Start)
    i.HAL_GPIO_Init                          0x08000e84   Section        0  stm32f4xx_hal_gpio.o(i.HAL_GPIO_Init)
    i.HAL_GPIO_TogglePin                     0x08001064   Section        0  stm32f4xx_hal_gpio.o(i.HAL_GPIO_TogglePin)
    i.HAL_GPIO_WritePin                      0x08001076   Section        0  stm32f4xx_hal_gpio.o(i.HAL_GPIO_WritePin)
    i.HAL_GetTick                            0x08001084   Section        0  stm32f4xx_hal.o(i.HAL_GetTick)
    i.HAL_IncTick                            0x08001090   Section        0  stm32f4xx_hal.o(i.HAL_IncTick)
    i.HAL_Init                               0x080010a0   Section        0  stm32f4xx_hal.o(i.HAL_Init)
    i.HAL_InitTick                           0x080010d4   Section        0  stm32f4xx_hal.o(i.HAL_InitTick)
    i.HAL_MspInit                            0x08001118   Section        0  stm32f4xx_hal_msp.o(i.HAL_MspInit)
    i.HAL_NVIC_EnableIRQ                     0x08001148   Section        0  stm32f4xx_hal_cortex.o(i.HAL_NVIC_EnableIRQ)
    i.HAL_NVIC_SetPriority                   0x08001164   Section        0  stm32f4xx_hal_cortex.o(i.HAL_NVIC_SetPriority)
    i.HAL_NVIC_SetPriorityGrouping           0x080011a4   Section        0  stm32f4xx_hal_cortex.o(i.HAL_NVIC_SetPriorityGrouping)
    i.HAL_RCC_ClockConfig                    0x080011c8   Section        0  stm32f4xx_hal_rcc.o(i.HAL_RCC_ClockConfig)
    i.HAL_RCC_GetHCLKFreq                    0x0800130c   Section        0  stm32f4xx_hal_rcc.o(i.HAL_RCC_GetHCLKFreq)
    i.HAL_RCC_GetPCLK1Freq                   0x08001318   Section        0  stm32f4xx_hal_rcc.o(i.HAL_RCC_GetPCLK1Freq)
    i.HAL_RCC_GetPCLK2Freq                   0x08001338   Section        0  stm32f4xx_hal_rcc.o(i.HAL_RCC_GetPCLK2Freq)
    i.HAL_RCC_GetSysClockFreq                0x08001358   Section        0  stm32f4xx_hal_rcc.o(i.HAL_RCC_GetSysClockFreq)
    i.HAL_RCC_OscConfig                      0x080013c4   Section        0  stm32f4xx_hal_rcc.o(i.HAL_RCC_OscConfig)
    i.HAL_SYSTICK_CLKSourceConfig            0x08001754   Section        0  stm32f4xx_hal_cortex.o(i.HAL_SYSTICK_CLKSourceConfig)
    i.HAL_SYSTICK_Config                     0x08001770   Section        0  stm32f4xx_hal_cortex.o(i.HAL_SYSTICK_Config)
    i.HAL_TIMEx_BreakCallback                0x08001798   Section        0  stm32f4xx_hal_tim_ex.o(i.HAL_TIMEx_BreakCallback)
    i.HAL_TIMEx_CommutCallback               0x0800179a   Section        0  stm32f4xx_hal_tim_ex.o(i.HAL_TIMEx_CommutCallback)
    i.HAL_TIM_IC_CaptureCallback             0x0800179c   Section        0  stm32f4xx_hal_tim.o(i.HAL_TIM_IC_CaptureCallback)
    i.HAL_TIM_IRQHandler                     0x0800179e   Section        0  stm32f4xx_hal_tim.o(i.HAL_TIM_IRQHandler)
    i.HAL_TIM_OC_DelayElapsedCallback        0x0800190c   Section        0  stm32f4xx_hal_tim.o(i.HAL_TIM_OC_DelayElapsedCallback)
    i.HAL_TIM_PWM_ConfigChannel              0x0800190e   Section        0  stm32f4xx_hal_tim.o(i.HAL_TIM_PWM_ConfigChannel)
    i.HAL_TIM_PWM_Init                       0x080019e8   Section        0  stm32f4xx_hal_tim.o(i.HAL_TIM_PWM_Init)
    i.HAL_TIM_PWM_MspInit                    0x08001a20   Section        0  stm32f4xx_hal_msp.o(i.HAL_TIM_PWM_MspInit)
    i.HAL_TIM_PWM_PulseFinishedCallback      0x08001a7c   Section        0  stm32f4xx_hal_tim.o(i.HAL_TIM_PWM_PulseFinishedCallback)
    i.HAL_TIM_PWM_Start                      0x08001a80   Section        0  stm32f4xx_hal_tim.o(i.HAL_TIM_PWM_Start)
    i.HAL_TIM_PeriodElapsedCallback          0x08001ac4   Section        0  stm32f4xx_hal_tim.o(i.HAL_TIM_PeriodElapsedCallback)
    i.HAL_TIM_TriggerCallback                0x08001ac6   Section        0  stm32f4xx_hal_tim.o(i.HAL_TIM_TriggerCallback)
    i.HAL_UART_IDLE_IRQHandler               0x08001ac8   Section        0  usart.o(i.HAL_UART_IDLE_IRQHandler)
    i.HAL_UART_Init                          0x08001bd0   Section        0  stm32f4xx_hal_uart.o(i.HAL_UART_Init)
    i.HAL_UART_MspInit                       0x08001c34   Section        0  stm32f4xx_hal_msp.o(i.HAL_UART_MspInit)
    i.HAL_UART_Receive_IT_IDLE               0x08001d04   Section        0  usart.o(i.HAL_UART_Receive_IT_IDLE)
    i.HAL_UART_Transmit                      0x08001d16   Section        0  stm32f4xx_hal_uart.o(i.HAL_UART_Transmit)
    i.HardFault_Handler                      0x08001de2   Section        0  stm32f4xx_it.o(i.HardFault_Handler)
    i.Led1_task                              0x08001de4   Section        0  led.o(i.Led1_task)
    i.MX_CAN1_Init                           0x08001e00   Section        0  can.o(i.MX_CAN1_Init)
    i.MY_DMA_Init                            0x08001e50   Section        0  dma.o(i.MY_DMA_Init)
    i.MY_GPIO_Init                           0x08001e8c   Section        0  gpio.o(i.MY_GPIO_Init)
    i.MY_TIM4_Pwm_Init                       0x08001f50   Section        0  tim.o(i.MY_TIM4_Pwm_Init)
    i.MY_USART1_UART_Init                    0x08001fd4   Section        0  usart.o(i.MY_USART1_UART_Init)
    i.MY_USART6_UART_Init                    0x08002004   Section        0  usart.o(i.MY_USART6_UART_Init)
    i.MemManage_Handler                      0x08002040   Section        0  stm32f4xx_it.o(i.MemManage_Handler)
    i.NMI_Handler                            0x08002042   Section        0  stm32f4xx_it.o(i.NMI_Handler)
    i.Remote_Info                            0x08002044   Section        0  remote_ctrl.o(i.Remote_Info)
    i.Remote_task                            0x08002080   Section        0  remote_ctrl.o(i.Remote_task)
    i.Robotac_Init                           0x08002140   Section        0  robotac_init.o(i.Robotac_Init)
    i.Sanwai_task                            0x0800219c   Section        0  robotac_init.o(i.Sanwai_task)
    i.Start_task                             0x080021c8   Section        0  robotac_init.o(i.Start_task)
    i.SysTick_Handler                        0x080022a4   Section        0  delay.o(i.SysTick_Handler)
    i.SystemClock_Config                     0x080022bc   Section        0  robotac_init.o(i.SystemClock_Config)
    i.SystemInit                             0x08002370   Section        0  system_stm32f4xx.o(i.SystemInit)
    i.TIM2_IRQHandler                        0x080023c4   Section        0  tim.o(i.TIM2_IRQHandler)
    i.TIM_Base_SetConfig                     0x080023f4   Section        0  stm32f4xx_hal_tim.o(i.TIM_Base_SetConfig)
    i.TIM_CCxChannelCmd                      0x080024c0   Section        0  stm32f4xx_hal_tim.o(i.TIM_CCxChannelCmd)
    i.TIM_OC1_SetConfig                      0x080024dc   Section        0  stm32f4xx_hal_tim.o(i.TIM_OC1_SetConfig)
    TIM_OC1_SetConfig                        0x080024dd   Thumb Code    96  stm32f4xx_hal_tim.o(i.TIM_OC1_SetConfig)
    i.TIM_OC2_SetConfig                      0x08002544   Section        0  stm32f4xx_hal_tim.o(i.TIM_OC2_SetConfig)
    i.TIM_OC3_SetConfig                      0x080025b8   Section        0  stm32f4xx_hal_tim.o(i.TIM_OC3_SetConfig)
    TIM_OC3_SetConfig                        0x080025b9   Thumb Code   104  stm32f4xx_hal_tim.o(i.TIM_OC3_SetConfig)
    i.TIM_OC4_SetConfig                      0x08002628   Section        0  stm32f4xx_hal_tim.o(i.TIM_OC4_SetConfig)
    TIM_OC4_SetConfig                        0x08002629   Thumb Code    74  stm32f4xx_hal_tim.o(i.TIM_OC4_SetConfig)
    i.UART_Receive_DMA_NoIT                  0x0800267c   Section        0  usart.o(i.UART_Receive_DMA_NoIT)
    i.UART_SetConfig                         0x080026f8   Section        0  stm32f4xx_hal_uart.o(i.UART_SetConfig)
    UART_SetConfig                           0x080026f9   Thumb Code   780  stm32f4xx_hal_uart.o(i.UART_SetConfig)
    i.UART_WaitOnFlagUntilTimeout            0x08002a0c   Section        0  stm32f4xx_hal_uart.o(i.UART_WaitOnFlagUntilTimeout)
    UART_WaitOnFlagUntilTimeout              0x08002a0d   Thumb Code   100  stm32f4xx_hal_uart.o(i.UART_WaitOnFlagUntilTimeout)
    i.USART1_IRQHandler                      0x08002a70   Section        0  usart.o(i.USART1_IRQHandler)
    i.UsageFault_Handler                     0x08002a7c   Section        0  stm32f4xx_it.o(i.UsageFault_Handler)
    i.__NVIC_SetPriority                     0x08002a7e   Section        0  stm32f4xx_hal_cortex.o(i.__NVIC_SetPriority)
    __NVIC_SetPriority                       0x08002a7f   Thumb Code    32  stm32f4xx_hal_cortex.o(i.__NVIC_SetPriority)
    i.__scatterload_copy                     0x08002a9e   Section       14  handlers.o(i.__scatterload_copy)
    i.__scatterload_null                     0x08002aac   Section        2  handlers.o(i.__scatterload_null)
    i.__scatterload_zeroinit                 0x08002aae   Section       14  handlers.o(i.__scatterload_zeroinit)
    i.all_pid_init                           0x08002abc   Section        0  pwm.o(i.all_pid_init)
    i.delay_init                             0x08002b30   Section        0  delay.o(i.delay_init)
    i.get_moto_measure                       0x08002b64   Section        0  bsp_can.o(i.get_moto_measure)
    i.main                                   0x08002bd4   Section        0  main.o(i.main)
    i.my_can_filter_init_recv_all            0x08002bde   Section        0  bsp_can.o(i.my_can_filter_init_recv_all)
    i.pid_calculate                          0x08002c04   Section        0  pid.o(i.pid_calculate)
    pid_calculate                            0x08002c05   Thumb Code   248  pid.o(i.pid_calculate)
    i.pid_init                               0x08002cfc   Section        0  pid.o(i.pid_init)
    i.pid_param_init                         0x08002d18   Section        0  pid.o(i.pid_param_init)
    pid_param_init                           0x08002d19   Thumb Code    88  pid.o(i.pid_param_init)
    i.pid_reset                              0x08002d74   Section        0  pid.o(i.pid_reset)
    pid_reset                                0x08002d75   Thumb Code    14  pid.o(i.pid_reset)
    i.prvAddCurrentTaskToDelayedList         0x08002d84   Section        0  tasks.o(i.prvAddCurrentTaskToDelayedList)
    prvAddCurrentTaskToDelayedList           0x08002d85   Thumb Code   104  tasks.o(i.prvAddCurrentTaskToDelayedList)
    i.prvAddNewTaskToReadyList               0x08002df4   Section        0  tasks.o(i.prvAddNewTaskToReadyList)
    prvAddNewTaskToReadyList                 0x08002df5   Thumb Code   126  tasks.o(i.prvAddNewTaskToReadyList)
    i.prvCheckForValidListAndQueue           0x08002e80   Section        0  timers.o(i.prvCheckForValidListAndQueue)
    prvCheckForValidListAndQueue             0x08002e81   Thumb Code    62  timers.o(i.prvCheckForValidListAndQueue)
    i.prvCheckTasksWaitingTermination        0x08002ed0   Section        0  tasks.o(i.prvCheckTasksWaitingTermination)
    prvCheckTasksWaitingTermination          0x08002ed1   Thumb Code    52  tasks.o(i.prvCheckTasksWaitingTermination)
    i.prvCopyDataFromQueue                   0x08002f0c   Section        0  queue.o(i.prvCopyDataFromQueue)
    prvCopyDataFromQueue                     0x08002f0d   Thumb Code    40  queue.o(i.prvCopyDataFromQueue)
    i.prvCopyDataToQueue                     0x08002f34   Section        0  queue.o(i.prvCopyDataToQueue)
    prvCopyDataToQueue                       0x08002f35   Thumb Code   110  queue.o(i.prvCopyDataToQueue)
    i.prvDeleteTCB                           0x08002fa2   Section        0  tasks.o(i.prvDeleteTCB)
    prvDeleteTCB                             0x08002fa3   Thumb Code    20  tasks.o(i.prvDeleteTCB)
    i.prvGetDisinheritPriorityAfterTimeout   0x08002fb6   Section        0  queue.o(i.prvGetDisinheritPriorityAfterTimeout)
    prvGetDisinheritPriorityAfterTimeout     0x08002fb7   Thumb Code    20  queue.o(i.prvGetDisinheritPriorityAfterTimeout)
    i.prvGetNextExpireTime                   0x08002fcc   Section        0  timers.o(i.prvGetNextExpireTime)
    prvGetNextExpireTime                     0x08002fcd   Thumb Code    30  timers.o(i.prvGetNextExpireTime)
    i.prvHeapInit                            0x08002ff0   Section        0  heap_4.o(i.prvHeapInit)
    prvHeapInit                              0x08002ff1   Thumb Code    68  heap_4.o(i.prvHeapInit)
    i.prvIdleTask                            0x0800303c   Section        0  tasks.o(i.prvIdleTask)
    prvIdleTask                              0x0800303d   Thumb Code     6  tasks.o(i.prvIdleTask)
    i.prvInitialiseNewQueue                  0x08003042   Section        0  queue.o(i.prvInitialiseNewQueue)
    prvInitialiseNewQueue                    0x08003043   Thumb Code    34  queue.o(i.prvInitialiseNewQueue)
    i.prvInitialiseNewTask                   0x08003064   Section        0  tasks.o(i.prvInitialiseNewTask)
    prvInitialiseNewTask                     0x08003065   Thumb Code   168  tasks.o(i.prvInitialiseNewTask)
    i.prvInitialiseTaskLists                 0x0800310c   Section        0  tasks.o(i.prvInitialiseTaskLists)
    prvInitialiseTaskLists                   0x0800310d   Thumb Code    78  tasks.o(i.prvInitialiseTaskLists)
    i.prvInsertBlockIntoFreeList             0x08003164   Section        0  heap_4.o(i.prvInsertBlockIntoFreeList)
    prvInsertBlockIntoFreeList               0x08003165   Thumb Code    78  heap_4.o(i.prvInsertBlockIntoFreeList)
    i.prvInsertTimerInActiveList             0x080031b8   Section        0  timers.o(i.prvInsertTimerInActiveList)
    prvInsertTimerInActiveList               0x080031b9   Thumb Code    60  timers.o(i.prvInsertTimerInActiveList)
    i.prvIsQueueEmpty                        0x080031f8   Section        0  queue.o(i.prvIsQueueEmpty)
    prvIsQueueEmpty                          0x080031f9   Thumb Code    26  queue.o(i.prvIsQueueEmpty)
    i.prvIsQueueFull                         0x08003212   Section        0  queue.o(i.prvIsQueueFull)
    prvIsQueueFull                           0x08003213   Thumb Code    30  queue.o(i.prvIsQueueFull)
    i.prvProcessExpiredTimer                 0x08003230   Section        0  timers.o(i.prvProcessExpiredTimer)
    prvProcessExpiredTimer                   0x08003231   Thumb Code    98  timers.o(i.prvProcessExpiredTimer)
    i.prvProcessReceivedCommands             0x08003298   Section        0  timers.o(i.prvProcessReceivedCommands)
    prvProcessReceivedCommands               0x08003299   Thumb Code   234  timers.o(i.prvProcessReceivedCommands)
    i.prvProcessTimerOrBlockTask             0x08003388   Section        0  timers.o(i.prvProcessTimerOrBlockTask)
    prvProcessTimerOrBlockTask               0x08003389   Thumb Code   100  timers.o(i.prvProcessTimerOrBlockTask)
    i.prvResetNextTaskUnblockTime            0x080033f4   Section        0  tasks.o(i.prvResetNextTaskUnblockTime)
    prvResetNextTaskUnblockTime              0x080033f5   Thumb Code    30  tasks.o(i.prvResetNextTaskUnblockTime)
    i.prvSampleTimeNow                       0x08003418   Section        0  timers.o(i.prvSampleTimeNow)
    prvSampleTimeNow                         0x08003419   Thumb Code    38  timers.o(i.prvSampleTimeNow)
    i.prvSwitchTimerLists                    0x08003444   Section        0  timers.o(i.prvSwitchTimerLists)
    prvSwitchTimerLists                      0x08003445   Thumb Code   106  timers.o(i.prvSwitchTimerLists)
    i.prvTaskExitError                       0x080034b4   Section        0  port.o(i.prvTaskExitError)
    prvTaskExitError                         0x080034b5   Thumb Code    40  port.o(i.prvTaskExitError)
    i.prvTimerTask                           0x080034e0   Section        0  timers.o(i.prvTimerTask)
    prvTimerTask                             0x080034e1   Thumb Code    20  timers.o(i.prvTimerTask)
    i.prvUnlockQueue                         0x080034f4   Section        0  queue.o(i.prvUnlockQueue)
    prvUnlockQueue                           0x080034f5   Thumb Code   106  queue.o(i.prvUnlockQueue)
    i.pvPortMalloc                           0x08003560   Section        0  heap_4.o(i.pvPortMalloc)
    i.pvTaskIncrementMutexHeldCount          0x08003634   Section        0  tasks.o(i.pvTaskIncrementMutexHeldCount)
    i.pxPortInitialiseStack                  0x0800364c   Section        0  port.o(i.pxPortInitialiseStack)
    i.send_data                              0x08003670   Section        0  sanwai.o(i.send_data)
    i.set_moto_current                       0x08003684   Section        0  bsp_can.o(i.set_moto_current)
    i.shanwai_send_wave_form                 0x080036c4   Section        0  sanwai.o(i.shanwai_send_wave_form)
    i.uxListRemove                           0x08003708   Section        0  list.o(i.uxListRemove)
    i.vListInitialise                        0x0800372e   Section        0  list.o(i.vListInitialise)
    i.vListInitialiseItem                    0x08003744   Section        0  list.o(i.vListInitialiseItem)
    i.vListInsert                            0x0800374a   Section        0  list.o(i.vListInsert)
    i.vListInsertEnd                         0x0800377a   Section        0  list.o(i.vListInsertEnd)
    i.vPortEnterCritical                     0x08003794   Section        0  port.o(i.vPortEnterCritical)
    i.vPortExitCritical                      0x080037d4   Section        0  port.o(i.vPortExitCritical)
    i.vPortFree                              0x08003800   Section        0  heap_4.o(i.vPortFree)
    i.vPortSetupTimerInterrupt               0x0800385c   Section        0  port.o(i.vPortSetupTimerInterrupt)
    i.vPortValidateInterruptPriority         0x08003880   Section        0  port.o(i.vPortValidateInterruptPriority)
    i.vQueueAddToRegistry                    0x080038d4   Section        0  queue.o(i.vQueueAddToRegistry)
    i.vQueueWaitForMessageRestricted         0x080038f8   Section        0  queue.o(i.vQueueWaitForMessageRestricted)
    i.vTaskDelay                             0x08003940   Section        0  tasks.o(i.vTaskDelay)
    i.vTaskDelete                            0x08003990   Section        0  tasks.o(i.vTaskDelete)
    i.vTaskInternalSetTimeOutState           0x08003a3c   Section        0  tasks.o(i.vTaskInternalSetTimeOutState)
    i.vTaskMissedYield                       0x08003a4c   Section        0  tasks.o(i.vTaskMissedYield)
    i.vTaskPlaceOnEventList                  0x08003a58   Section        0  tasks.o(i.vTaskPlaceOnEventList)
    i.vTaskPlaceOnEventListRestricted        0x08003a8c   Section        0  tasks.o(i.vTaskPlaceOnEventListRestricted)
    i.vTaskPriorityDisinheritAfterTimeout    0x08003ac8   Section        0  tasks.o(i.vTaskPriorityDisinheritAfterTimeout)
    i.vTaskStartScheduler                    0x08003b74   Section        0  tasks.o(i.vTaskStartScheduler)
    i.vTaskSuspendAll                        0x08003be4   Section        0  tasks.o(i.vTaskSuspendAll)
    i.vTaskSwitchContext                     0x08003bf4   Section        0  tasks.o(i.vTaskSwitchContext)
    i.xPortStartScheduler                    0x08003c54   Section        0  port.o(i.xPortStartScheduler)
    i.xPortSysTickHandler                    0x08003d48   Section        0  port.o(i.xPortSysTickHandler)
    i.xQueueGenericCreate                    0x08003d74   Section        0  queue.o(i.xQueueGenericCreate)
    i.xQueueGenericReset                     0x08003db8   Section        0  queue.o(i.xQueueGenericReset)
    i.xQueueGenericSend                      0x08003e44   Section        0  queue.o(i.xQueueGenericSend)
    i.xQueueGenericSendFromISR               0x08003fa8   Section        0  queue.o(i.xQueueGenericSendFromISR)
    i.xQueueGiveFromISR                      0x08004066   Section        0  queue.o(i.xQueueGiveFromISR)
    i.xQueueReceive                          0x08004104   Section        0  queue.o(i.xQueueReceive)
    i.xQueueSemaphoreTake                    0x08004240   Section        0  queue.o(i.xQueueSemaphoreTake)
    i.xTaskCheckForTimeOut                   0x080043bc   Section        0  tasks.o(i.xTaskCheckForTimeOut)
    i.xTaskCreate                            0x08004438   Section        0  tasks.o(i.xTaskCreate)
    i.xTaskGetSchedulerState                 0x08004498   Section        0  tasks.o(i.xTaskGetSchedulerState)
    i.xTaskGetTickCount                      0x080044b4   Section        0  tasks.o(i.xTaskGetTickCount)
    i.xTaskIncrementTick                     0x080044c0   Section        0  tasks.o(i.xTaskIncrementTick)
    i.xTaskPriorityDisinherit                0x0800458c   Section        0  tasks.o(i.xTaskPriorityDisinherit)
    i.xTaskPriorityInherit                   0x08004624   Section        0  tasks.o(i.xTaskPriorityInherit)
    i.xTaskRemoveFromEventList               0x080046bc   Section        0  tasks.o(i.xTaskRemoveFromEventList)
    i.xTaskResumeAll                         0x08004738   Section        0  tasks.o(i.xTaskResumeAll)
    i.xTimerCreateTimerTask                  0x08004804   Section        0  timers.o(i.xTimerCreateTimerTask)
    i.xTimerGenericCommand                   0x08004854   Section        0  timers.o(i.xTimerGenericCommand)
    .constdata                               0x080048bc   Section        8  stm32f4xx_hal_dma.o(.constdata)
    flagBitshiftOffset                       0x080048bc   Data           8  stm32f4xx_hal_dma.o(.constdata)
    .constdata                               0x080048c4   Section       16  system_stm32f4xx.o(.constdata)
    .constdata                               0x080048d4   Section        8  system_stm32f4xx.o(.constdata)
    .data                                    0x20000000   Section        1  tim.o(.data)
    .data                                    0x20000004   Section        8  delay.o(.data)
    fac_ms                                   0x20000004   Data           2  delay.o(.data)
    fac_us                                   0x20000008   Data           4  delay.o(.data)
    .data                                    0x2000000c   Section        4  usart.o(.data)
    .data                                    0x20000010   Section        4  usart.o(.data)
    .data                                    0x20000014   Section        8  robotac_init.o(.data)
    .data                                    0x2000001c   Section       12  stm32f4xx_hal.o(.data)
    .data                                    0x20000028   Section        4  system_stm32f4xx.o(.data)
    .data                                    0x2000002c   Section       12  remote_ctrl.o(.data)
    .data                                    0x20000038   Section        4  remote_ctrl.o(.data)
    .data                                    0x2000003c   Section        4  remote_ctrl.o(.data)
    .data                                    0x20000040   Section       24  bsp_can.o(.data)
    i                                        0x20000040   Data           1  bsp_can.o(.data)
    .data                                    0x20000058   Section       60  tasks.o(.data)
    uxDeletedTasksWaitingCleanUp             0x2000005c   Data           4  tasks.o(.data)
    uxCurrentNumberOfTasks                   0x20000060   Data           4  tasks.o(.data)
    xTickCount                               0x20000064   Data           4  tasks.o(.data)
    uxTopReadyPriority                       0x20000068   Data           4  tasks.o(.data)
    xSchedulerRunning                        0x2000006c   Data           4  tasks.o(.data)
    uxPendedTicks                            0x20000070   Data           4  tasks.o(.data)
    xYieldPending                            0x20000074   Data           4  tasks.o(.data)
    xNumOfOverflows                          0x20000078   Data           4  tasks.o(.data)
    uxTaskNumber                             0x2000007c   Data           4  tasks.o(.data)
    xNextTaskUnblockTime                     0x20000080   Data           4  tasks.o(.data)
    xIdleTaskHandle                          0x20000084   Data           4  tasks.o(.data)
    uxSchedulerSuspended                     0x20000088   Data           4  tasks.o(.data)
    pxDelayedTaskList                        0x2000008c   Data           4  tasks.o(.data)
    pxOverflowDelayedTaskList                0x20000090   Data           4  tasks.o(.data)
    .data                                    0x20000094   Section       20  timers.o(.data)
    xTimerQueue                              0x20000094   Data           4  timers.o(.data)
    xTimerTaskHandle                         0x20000098   Data           4  timers.o(.data)
    xLastTime                                0x2000009c   Data           4  timers.o(.data)
    pxCurrentTimerList                       0x200000a0   Data           4  timers.o(.data)
    pxOverflowTimerList                      0x200000a4   Data           4  timers.o(.data)
    .data                                    0x200000a8   Section       12  port.o(.data)
    ucMaxSysCallPriority                     0x200000a8   Data           1  port.o(.data)
    uxCriticalNesting                        0x200000ac   Data           4  port.o(.data)
    ulMaxPRIGROUPValue                       0x200000b0   Data           4  port.o(.data)
    .data                                    0x200000b4   Section       24  heap_4.o(.data)
    pxEnd                                    0x200000b4   Data           4  heap_4.o(.data)
    xFreeBytesRemaining                      0x200000b8   Data           4  heap_4.o(.data)
    xMinimumEverFreeBytesRemaining           0x200000bc   Data           4  heap_4.o(.data)
    xBlockAllocatedBit                       0x200000c0   Data           4  heap_4.o(.data)
    xStart                                   0x200000c4   Data           8  heap_4.o(.data)
    .data                                    0x200000cc   Section        4  led.o(.data)
    .bss                                     0x200000d0   Section      128  tim.o(.bss)
    .bss                                     0x20000150   Section      228  usart.o(.bss)
    .bss                                     0x20000234   Section       96  usart.o(.bss)
    .bss                                     0x20000294   Section       12  sanwai.o(.bss)
    .bss                                     0x200002a0   Section       40  can.o(.bss)
    .bss                                     0x200002c8   Section       20  remote_ctrl.o(.bss)
    .bss                                     0x200002dc   Section      400  pid.o(.bss)
    .bss                                     0x2000046c   Section      220  bsp_can.o(.bss)
    .bss                                     0x20000548   Section       24  bsp_can.o(.bss)
    .bss                                     0x20000560   Section       64  queue.o(.bss)
    .bss                                     0x200005a0   Section      240  tasks.o(.bss)
    pxReadyTasksLists                        0x200005a0   Data         140  tasks.o(.bss)
    xDelayedTaskList1                        0x2000062c   Data          20  tasks.o(.bss)
    xDelayedTaskList2                        0x20000640   Data          20  tasks.o(.bss)
    xPendingReadyList                        0x20000654   Data          20  tasks.o(.bss)
    xTasksWaitingTermination                 0x20000668   Data          20  tasks.o(.bss)
    xSuspendedTaskList                       0x2000067c   Data          20  tasks.o(.bss)
    .bss                                     0x20000690   Section       40  timers.o(.bss)
    xActiveTimerList1                        0x20000690   Data          20  timers.o(.bss)
    xActiveTimerList2                        0x200006a4   Data          20  timers.o(.bss)
    .bss                                     0x200006b8   Section    76800  heap_4.o(.bss)
    ucHeap                                   0x200006b8   Data       76800  heap_4.o(.bss)
    STACK                                    0x200132b8   Section     1024  startup_stm32f427xx.o(STACK)

    Global Symbols

    Symbol Name                              Value     Ov Type        Size  Object(Section)

    BuildAttributes$$THM_ISAv4$E$P$D$K$B$S$7EM$VFPi3$EXTD16$VFPS$VFMA$PE$A:L22UL41UL21$X:L11$S22US41US21$IEEE1$IW$USESV6$~STKCKD$USESV7$~SHL$OSPACE$EBA8$MICROLIB$REQ8$PRES8$EABIv2 0x00000000   Number         0  anon$$obj.o ABSOLUTE
    __ARM_use_no_argv                        0x00000000   Number         0  main.o ABSOLUTE
    __cpp_initialize__aeabi_                  - Undefined Weak Reference
    __cxa_finalize                            - Undefined Weak Reference
    __decompress                              - Undefined Weak Reference
    _clock_init                               - Undefined Weak Reference
    _microlib_exit                            - Undefined Weak Reference
    __Vectors_Size                           0x000001ac   Number         0  startup_stm32f427xx.o ABSOLUTE
    __Vectors                                0x08000000   Data           4  startup_stm32f427xx.o(RESET)
    __Vectors_End                            0x080001ac   Data           0  startup_stm32f427xx.o(RESET)
    __main                                   0x080001ad   Thumb Code     0  entry.o(.ARM.Collect$$$$00000000)
    _main_stk                                0x080001ad   Thumb Code     0  entry2.o(.ARM.Collect$$$$00000001)
    _main_scatterload                        0x080001b1   Thumb Code     0  entry5.o(.ARM.Collect$$$$00000004)
    __main_after_scatterload                 0x080001b5   Thumb Code     0  entry5.o(.ARM.Collect$$$$00000004)
    _main_clock                              0x080001b5   Thumb Code     0  entry7b.o(.ARM.Collect$$$$00000008)
    _main_cpp_init                           0x080001b5   Thumb Code     0  entry8b.o(.ARM.Collect$$$$0000000A)
    _main_init                               0x080001b5   Thumb Code     0  entry9a.o(.ARM.Collect$$$$0000000B)
    __rt_final_cpp                           0x080001bd   Thumb Code     0  entry10a.o(.ARM.Collect$$$$0000000D)
    __rt_final_exit                          0x080001bd   Thumb Code     0  entry11a.o(.ARM.Collect$$$$0000000F)
    SVC_Handler                              0x080001c1   Thumb Code    28  port.o(.emb_text)
    __asm___6_port_c_39a90d8d__prvStartFirstTask 0x080001e1   Thumb Code    36  port.o(.emb_text)
    __asm___6_port_c_39a90d8d__prvEnableVFP  0x08000209   Thumb Code    16  port.o(.emb_text)
    PendSV_Handler                           0x0800021d   Thumb Code    88  port.o(.emb_text)
    vPortGetIPSR                             0x08000279   Thumb Code     6  port.o(.emb_text)
    Reset_Handler                            0x08000281   Thumb Code     8  startup_stm32f427xx.o(.text)
    ADC_IRQHandler                           0x0800029b   Thumb Code     0  startup_stm32f427xx.o(.text)
    CAN1_RX1_IRQHandler                      0x0800029b   Thumb Code     0  startup_stm32f427xx.o(.text)
    CAN1_SCE_IRQHandler                      0x0800029b   Thumb Code     0  startup_stm32f427xx.o(.text)
    CAN2_RX0_IRQHandler                      0x0800029b   Thumb Code     0  startup_stm32f427xx.o(.text)
    CAN2_RX1_IRQHandler                      0x0800029b   Thumb Code     0  startup_stm32f427xx.o(.text)
    CAN2_SCE_IRQHandler                      0x0800029b   Thumb Code     0  startup_stm32f427xx.o(.text)
    CAN2_TX_IRQHandler                       0x0800029b   Thumb Code     0  startup_stm32f427xx.o(.text)
    DCMI_IRQHandler                          0x0800029b   Thumb Code     0  startup_stm32f427xx.o(.text)
    DMA1_Stream0_IRQHandler                  0x0800029b   Thumb Code     0  startup_stm32f427xx.o(.text)
    DMA1_Stream1_IRQHandler                  0x0800029b   Thumb Code     0  startup_stm32f427xx.o(.text)
    DMA1_Stream2_IRQHandler                  0x0800029b   Thumb Code     0  startup_stm32f427xx.o(.text)
    DMA1_Stream3_IRQHandler                  0x0800029b   Thumb Code     0  startup_stm32f427xx.o(.text)
    DMA1_Stream4_IRQHandler                  0x0800029b   Thumb Code     0  startup_stm32f427xx.o(.text)
    DMA1_Stream5_IRQHandler                  0x0800029b   Thumb Code     0  startup_stm32f427xx.o(.text)
    DMA1_Stream6_IRQHandler                  0x0800029b   Thumb Code     0  startup_stm32f427xx.o(.text)
    DMA1_Stream7_IRQHandler                  0x0800029b   Thumb Code     0  startup_stm32f427xx.o(.text)
    DMA2D_IRQHandler                         0x0800029b   Thumb Code     0  startup_stm32f427xx.o(.text)
    DMA2_Stream0_IRQHandler                  0x0800029b   Thumb Code     0  startup_stm32f427xx.o(.text)
    DMA2_Stream1_IRQHandler                  0x0800029b   Thumb Code     0  startup_stm32f427xx.o(.text)
    DMA2_Stream2_IRQHandler                  0x0800029b   Thumb Code     0  startup_stm32f427xx.o(.text)
    DMA2_Stream3_IRQHandler                  0x0800029b   Thumb Code     0  startup_stm32f427xx.o(.text)
    DMA2_Stream4_IRQHandler                  0x0800029b   Thumb Code     0  startup_stm32f427xx.o(.text)
    DMA2_Stream5_IRQHandler                  0x0800029b   Thumb Code     0  startup_stm32f427xx.o(.text)
    DMA2_Stream6_IRQHandler                  0x0800029b   Thumb Code     0  startup_stm32f427xx.o(.text)
    DMA2_Stream7_IRQHandler                  0x0800029b   Thumb Code     0  startup_stm32f427xx.o(.text)
    ETH_IRQHandler                           0x0800029b   Thumb Code     0  startup_stm32f427xx.o(.text)
    ETH_WKUP_IRQHandler                      0x0800029b   Thumb Code     0  startup_stm32f427xx.o(.text)
    EXTI0_IRQHandler                         0x0800029b   Thumb Code     0  startup_stm32f427xx.o(.text)
    EXTI15_10_IRQHandler                     0x0800029b   Thumb Code     0  startup_stm32f427xx.o(.text)
    EXTI1_IRQHandler                         0x0800029b   Thumb Code     0  startup_stm32f427xx.o(.text)
    EXTI2_IRQHandler                         0x0800029b   Thumb Code     0  startup_stm32f427xx.o(.text)
    EXTI3_IRQHandler                         0x0800029b   Thumb Code     0  startup_stm32f427xx.o(.text)
    EXTI4_IRQHandler                         0x0800029b   Thumb Code     0  startup_stm32f427xx.o(.text)
    EXTI9_5_IRQHandler                       0x0800029b   Thumb Code     0  startup_stm32f427xx.o(.text)
    FLASH_IRQHandler                         0x0800029b   Thumb Code     0  startup_stm32f427xx.o(.text)
    FMC_IRQHandler                           0x0800029b   Thumb Code     0  startup_stm32f427xx.o(.text)
    FPU_IRQHandler                           0x0800029b   Thumb Code     0  startup_stm32f427xx.o(.text)
    HASH_RNG_IRQHandler                      0x0800029b   Thumb Code     0  startup_stm32f427xx.o(.text)
    I2C1_ER_IRQHandler                       0x0800029b   Thumb Code     0  startup_stm32f427xx.o(.text)
    I2C1_EV_IRQHandler                       0x0800029b   Thumb Code     0  startup_stm32f427xx.o(.text)
    I2C2_ER_IRQHandler                       0x0800029b   Thumb Code     0  startup_stm32f427xx.o(.text)
    I2C2_EV_IRQHandler                       0x0800029b   Thumb Code     0  startup_stm32f427xx.o(.text)
    I2C3_ER_IRQHandler                       0x0800029b   Thumb Code     0  startup_stm32f427xx.o(.text)
    I2C3_EV_IRQHandler                       0x0800029b   Thumb Code     0  startup_stm32f427xx.o(.text)
    OTG_FS_IRQHandler                        0x0800029b   Thumb Code     0  startup_stm32f427xx.o(.text)
    OTG_FS_WKUP_IRQHandler                   0x0800029b   Thumb Code     0  startup_stm32f427xx.o(.text)
    OTG_HS_EP1_IN_IRQHandler                 0x0800029b   Thumb Code     0  startup_stm32f427xx.o(.text)
    OTG_HS_EP1_OUT_IRQHandler                0x0800029b   Thumb Code     0  startup_stm32f427xx.o(.text)
    OTG_HS_IRQHandler                        0x0800029b   Thumb Code     0  startup_stm32f427xx.o(.text)
    OTG_HS_WKUP_IRQHandler                   0x0800029b   Thumb Code     0  startup_stm32f427xx.o(.text)
    PVD_IRQHandler                           0x0800029b   Thumb Code     0  startup_stm32f427xx.o(.text)
    RCC_IRQHandler                           0x0800029b   Thumb Code     0  startup_stm32f427xx.o(.text)
    RTC_Alarm_IRQHandler                     0x0800029b   Thumb Code     0  startup_stm32f427xx.o(.text)
    RTC_WKUP_IRQHandler                      0x0800029b   Thumb Code     0  startup_stm32f427xx.o(.text)
    SAI1_IRQHandler                          0x0800029b   Thumb Code     0  startup_stm32f427xx.o(.text)
    SDIO_IRQHandler                          0x0800029b   Thumb Code     0  startup_stm32f427xx.o(.text)
    SPI1_IRQHandler                          0x0800029b   Thumb Code     0  startup_stm32f427xx.o(.text)
    SPI2_IRQHandler                          0x0800029b   Thumb Code     0  startup_stm32f427xx.o(.text)
    SPI3_IRQHandler                          0x0800029b   Thumb Code     0  startup_stm32f427xx.o(.text)
    SPI4_IRQHandler                          0x0800029b   Thumb Code     0  startup_stm32f427xx.o(.text)
    SPI5_IRQHandler                          0x0800029b   Thumb Code     0  startup_stm32f427xx.o(.text)
    SPI6_IRQHandler                          0x0800029b   Thumb Code     0  startup_stm32f427xx.o(.text)
    TAMP_STAMP_IRQHandler                    0x0800029b   Thumb Code     0  startup_stm32f427xx.o(.text)
    TIM1_BRK_TIM9_IRQHandler                 0x0800029b   Thumb Code     0  startup_stm32f427xx.o(.text)
    TIM1_CC_IRQHandler                       0x0800029b   Thumb Code     0  startup_stm32f427xx.o(.text)
    TIM1_TRG_COM_TIM11_IRQHandler            0x0800029b   Thumb Code     0  startup_stm32f427xx.o(.text)
    TIM1_UP_TIM10_IRQHandler                 0x0800029b   Thumb Code     0  startup_stm32f427xx.o(.text)
    TIM3_IRQHandler                          0x0800029b   Thumb Code     0  startup_stm32f427xx.o(.text)
    TIM4_IRQHandler                          0x0800029b   Thumb Code     0  startup_stm32f427xx.o(.text)
    TIM5_IRQHandler                          0x0800029b   Thumb Code     0  startup_stm32f427xx.o(.text)
    TIM6_DAC_IRQHandler                      0x0800029b   Thumb Code     0  startup_stm32f427xx.o(.text)
    TIM7_IRQHandler                          0x0800029b   Thumb Code     0  startup_stm32f427xx.o(.text)
    TIM8_BRK_TIM12_IRQHandler                0x0800029b   Thumb Code     0  startup_stm32f427xx.o(.text)
    TIM8_CC_IRQHandler                       0x0800029b   Thumb Code     0  startup_stm32f427xx.o(.text)
    TIM8_TRG_COM_TIM14_IRQHandler            0x0800029b   Thumb Code     0  startup_stm32f427xx.o(.text)
    TIM8_UP_TIM13_IRQHandler                 0x0800029b   Thumb Code     0  startup_stm32f427xx.o(.text)
    UART4_IRQHandler                         0x0800029b   Thumb Code     0  startup_stm32f427xx.o(.text)
    UART5_IRQHandler                         0x0800029b   Thumb Code     0  startup_stm32f427xx.o(.text)
    UART7_IRQHandler                         0x0800029b   Thumb Code     0  startup_stm32f427xx.o(.text)
    UART8_IRQHandler                         0x0800029b   Thumb Code     0  startup_stm32f427xx.o(.text)
    USART2_IRQHandler                        0x0800029b   Thumb Code     0  startup_stm32f427xx.o(.text)
    USART3_IRQHandler                        0x0800029b   Thumb Code     0  startup_stm32f427xx.o(.text)
    USART6_IRQHandler                        0x0800029b   Thumb Code     0  startup_stm32f427xx.o(.text)
    WWDG_IRQHandler                          0x0800029b   Thumb Code     0  startup_stm32f427xx.o(.text)
    __aeabi_uldivmod                         0x080002a5   Thumb Code    98  uldiv.o(.text)
    __aeabi_memcpy                           0x08000307   Thumb Code    36  memcpya.o(.text)
    __aeabi_memcpy4                          0x08000307   Thumb Code     0  memcpya.o(.text)
    __aeabi_memcpy8                          0x08000307   Thumb Code     0  memcpya.o(.text)
    __aeabi_memset                           0x0800032b   Thumb Code    14  memseta.o(.text)
    __aeabi_memset4                          0x0800032b   Thumb Code     0  memseta.o(.text)
    __aeabi_memset8                          0x0800032b   Thumb Code     0  memseta.o(.text)
    __aeabi_memclr                           0x08000339   Thumb Code     4  memseta.o(.text)
    __aeabi_memclr4                          0x08000339   Thumb Code     0  memseta.o(.text)
    __aeabi_memclr8                          0x08000339   Thumb Code     0  memseta.o(.text)
    memset                                   0x0800033d   Thumb Code    18  memseta.o(.text)
    __aeabi_llsl                             0x0800034f   Thumb Code    30  llshl.o(.text)
    _ll_shift_l                              0x0800034f   Thumb Code     0  llshl.o(.text)
    __aeabi_llsr                             0x0800036d   Thumb Code    32  llushr.o(.text)
    _ll_ushift_r                             0x0800036d   Thumb Code     0  llushr.o(.text)
    __scatterload                            0x0800038d   Thumb Code    28  init.o(.text)
    __scatterload_rt2                        0x0800038d   Thumb Code     0  init.o(.text)
    BusFault_Handler                         0x080003b1   Thumb Code     2  stm32f4xx_it.o(i.BusFault_Handler)
    CAN1_RX0_IRQHandler                      0x080003b5   Thumb Code     6  can.o(i.CAN1_RX0_IRQHandler)
    CAN1_TX_IRQHandler                       0x080003c1   Thumb Code     6  can.o(i.CAN1_TX_IRQHandler)
    Callback_RC_Handle                       0x080003cd   Thumb Code   198  remote_ctrl.o(i.Callback_RC_Handle)
    DebugMon_Handler                         0x0800056f   Thumb Code     2  stm32f4xx_it.o(i.DebugMon_Handler)
    Error_Handler                            0x08000571   Thumb Code     2  main.o(i.Error_Handler)
    HAL_CAN_ActivateNotification             0x08000573   Thumb Code    36  stm32f4xx_hal_can_1.o(i.HAL_CAN_ActivateNotification)
    HAL_CAN_AddTxMessage                     0x08000597   Thumb Code   242  stm32f4xx_hal_can_1.o(i.HAL_CAN_AddTxMessage)
    HAL_CAN_ConfigFilter                     0x08000689   Thumb Code   266  stm32f4xx_hal_can_1.o(i.HAL_CAN_ConfigFilter)
    HAL_CAN_ErrorCallback                    0x08000799   Thumb Code    14  can.o(i.HAL_CAN_ErrorCallback)
    HAL_CAN_GetRxMessage                     0x080007ad   Thumb Code   260  stm32f4xx_hal_can_1.o(i.HAL_CAN_GetRxMessage)
    HAL_CAN_IRQHandler                       0x080008b1   Thumb Code   508  stm32f4xx_hal_can_1.o(i.HAL_CAN_IRQHandler)
    HAL_CAN_Init                             0x08000aad   Thumb Code   338  stm32f4xx_hal_can_1.o(i.HAL_CAN_Init)
    HAL_CAN_MspInit                          0x08000c01   Thumb Code   102  can.o(i.HAL_CAN_MspInit)
    HAL_CAN_RxFifo0FullCallback              0x08000c75   Thumb Code     2  stm32f4xx_hal_can_1.o(i.HAL_CAN_RxFifo0FullCallback)
    HAL_CAN_RxFifo0MsgPendingCallback        0x08000c79   Thumb Code   114  bsp_can.o(i.HAL_CAN_RxFifo0MsgPendingCallback)
    HAL_CAN_RxFifo1FullCallback              0x08000cfd   Thumb Code     2  stm32f4xx_hal_can_1.o(i.HAL_CAN_RxFifo1FullCallback)
    HAL_CAN_RxFifo1MsgPendingCallback        0x08000cff   Thumb Code     2  stm32f4xx_hal_can_1.o(i.HAL_CAN_RxFifo1MsgPendingCallback)
    HAL_CAN_SleepCallback                    0x08000d01   Thumb Code     2  stm32f4xx_hal_can_1.o(i.HAL_CAN_SleepCallback)
    HAL_CAN_Start                            0x08000d03   Thumb Code    88  stm32f4xx_hal_can_1.o(i.HAL_CAN_Start)
    HAL_CAN_TxMailbox0AbortCallback          0x08000d5b   Thumb Code     2  stm32f4xx_hal_can_1.o(i.HAL_CAN_TxMailbox0AbortCallback)
    HAL_CAN_TxMailbox0CompleteCallback       0x08000d5d   Thumb Code     2  stm32f4xx_hal_can_1.o(i.HAL_CAN_TxMailbox0CompleteCallback)
    HAL_CAN_TxMailbox1AbortCallback          0x08000d5f   Thumb Code     2  stm32f4xx_hal_can_1.o(i.HAL_CAN_TxMailbox1AbortCallback)
    HAL_CAN_TxMailbox1CompleteCallback       0x08000d61   Thumb Code     2  stm32f4xx_hal_can_1.o(i.HAL_CAN_TxMailbox1CompleteCallback)
    HAL_CAN_TxMailbox2AbortCallback          0x08000d63   Thumb Code     2  stm32f4xx_hal_can_1.o(i.HAL_CAN_TxMailbox2AbortCallback)
    HAL_CAN_TxMailbox2CompleteCallback       0x08000d65   Thumb Code     2  stm32f4xx_hal_can_1.o(i.HAL_CAN_TxMailbox2CompleteCallback)
    HAL_CAN_WakeUpFromRxMsgCallback          0x08000d67   Thumb Code     2  stm32f4xx_hal_can_1.o(i.HAL_CAN_WakeUpFromRxMsgCallback)
    HAL_DMA_Init                             0x08000d69   Thumb Code   208  stm32f4xx_hal_dma.o(i.HAL_DMA_Init)
    HAL_DMA_Start                            0x08000e3d   Thumb Code    70  stm32f4xx_hal_dma.o(i.HAL_DMA_Start)
    HAL_GPIO_Init                            0x08000e85   Thumb Code   426  stm32f4xx_hal_gpio.o(i.HAL_GPIO_Init)
    HAL_GPIO_TogglePin                       0x08001065   Thumb Code    18  stm32f4xx_hal_gpio.o(i.HAL_GPIO_TogglePin)
    HAL_GPIO_WritePin                        0x08001077   Thumb Code    14  stm32f4xx_hal_gpio.o(i.HAL_GPIO_WritePin)
    HAL_GetTick                              0x08001085   Thumb Code     6  stm32f4xx_hal.o(i.HAL_GetTick)
    HAL_IncTick                              0x08001091   Thumb Code    12  stm32f4xx_hal.o(i.HAL_IncTick)
    HAL_Init                                 0x080010a1   Thumb Code    48  stm32f4xx_hal.o(i.HAL_Init)
    HAL_InitTick                             0x080010d5   Thumb Code    58  stm32f4xx_hal.o(i.HAL_InitTick)
    HAL_MspInit                              0x08001119   Thumb Code    42  stm32f4xx_hal_msp.o(i.HAL_MspInit)
    HAL_NVIC_EnableIRQ                       0x08001149   Thumb Code    26  stm32f4xx_hal_cortex.o(i.HAL_NVIC_EnableIRQ)
    HAL_NVIC_SetPriority                     0x08001165   Thumb Code    60  stm32f4xx_hal_cortex.o(i.HAL_NVIC_SetPriority)
    HAL_NVIC_SetPriorityGrouping             0x080011a5   Thumb Code    26  stm32f4xx_hal_cortex.o(i.HAL_NVIC_SetPriorityGrouping)
    HAL_RCC_ClockConfig                      0x080011c9   Thumb Code   308  stm32f4xx_hal_rcc.o(i.HAL_RCC_ClockConfig)
    HAL_RCC_GetHCLKFreq                      0x0800130d   Thumb Code     6  stm32f4xx_hal_rcc.o(i.HAL_RCC_GetHCLKFreq)
    HAL_RCC_GetPCLK1Freq                     0x08001319   Thumb Code    22  stm32f4xx_hal_rcc.o(i.HAL_RCC_GetPCLK1Freq)
    HAL_RCC_GetPCLK2Freq                     0x08001339   Thumb Code    22  stm32f4xx_hal_rcc.o(i.HAL_RCC_GetPCLK2Freq)
    HAL_RCC_GetSysClockFreq                  0x08001359   Thumb Code    94  stm32f4xx_hal_rcc.o(i.HAL_RCC_GetSysClockFreq)
    HAL_RCC_OscConfig                        0x080013c5   Thumb Code   896  stm32f4xx_hal_rcc.o(i.HAL_RCC_OscConfig)
    HAL_SYSTICK_CLKSourceConfig              0x08001755   Thumb Code    28  stm32f4xx_hal_cortex.o(i.HAL_SYSTICK_CLKSourceConfig)
    HAL_SYSTICK_Config                       0x08001771   Thumb Code    40  stm32f4xx_hal_cortex.o(i.HAL_SYSTICK_Config)
    HAL_TIMEx_BreakCallback                  0x08001799   Thumb Code     2  stm32f4xx_hal_tim_ex.o(i.HAL_TIMEx_BreakCallback)
    HAL_TIMEx_CommutCallback                 0x0800179b   Thumb Code     2  stm32f4xx_hal_tim_ex.o(i.HAL_TIMEx_CommutCallback)
    HAL_TIM_IC_CaptureCallback               0x0800179d   Thumb Code     2  stm32f4xx_hal_tim.o(i.HAL_TIM_IC_CaptureCallback)
    HAL_TIM_IRQHandler                       0x0800179f   Thumb Code   366  stm32f4xx_hal_tim.o(i.HAL_TIM_IRQHandler)
    HAL_TIM_OC_DelayElapsedCallback          0x0800190d   Thumb Code     2  stm32f4xx_hal_tim.o(i.HAL_TIM_OC_DelayElapsedCallback)
    HAL_TIM_PWM_ConfigChannel                0x0800190f   Thumb Code   218  stm32f4xx_hal_tim.o(i.HAL_TIM_PWM_ConfigChannel)
    HAL_TIM_PWM_Init                         0x080019e9   Thumb Code    56  stm32f4xx_hal_tim.o(i.HAL_TIM_PWM_Init)
    HAL_TIM_PWM_MspInit                      0x08001a21   Thumb Code    78  stm32f4xx_hal_msp.o(i.HAL_TIM_PWM_MspInit)
    HAL_TIM_PWM_PulseFinishedCallback        0x08001a7d   Thumb Code     2  stm32f4xx_hal_tim.o(i.HAL_TIM_PWM_PulseFinishedCallback)
    HAL_TIM_PWM_Start                        0x08001a81   Thumb Code    58  stm32f4xx_hal_tim.o(i.HAL_TIM_PWM_Start)
    HAL_TIM_PeriodElapsedCallback            0x08001ac5   Thumb Code     2  stm32f4xx_hal_tim.o(i.HAL_TIM_PeriodElapsedCallback)
    HAL_TIM_TriggerCallback                  0x08001ac7   Thumb Code     2  stm32f4xx_hal_tim.o(i.HAL_TIM_TriggerCallback)
    HAL_UART_IDLE_IRQHandler                 0x08001ac9   Thumb Code   246  usart.o(i.HAL_UART_IDLE_IRQHandler)
    HAL_UART_Init                            0x08001bd1   Thumb Code   100  stm32f4xx_hal_uart.o(i.HAL_UART_Init)
    HAL_UART_MspInit                         0x08001c35   Thumb Code   178  stm32f4xx_hal_msp.o(i.HAL_UART_MspInit)
    HAL_UART_Receive_IT_IDLE                 0x08001d05   Thumb Code    18  usart.o(i.HAL_UART_Receive_IT_IDLE)
    HAL_UART_Transmit                        0x08001d17   Thumb Code   204  stm32f4xx_hal_uart.o(i.HAL_UART_Transmit)
    HardFault_Handler                        0x08001de3   Thumb Code     2  stm32f4xx_it.o(i.HardFault_Handler)
    Led1_task                                0x08001de5   Thumb Code    22  led.o(i.Led1_task)
    MX_CAN1_Init                             0x08001e01   Thumb Code    72  can.o(i.MX_CAN1_Init)
    MY_DMA_Init                              0x08001e51   Thumb Code    56  dma.o(i.MY_DMA_Init)
    MY_GPIO_Init                             0x08001e8d   Thumb Code   184  gpio.o(i.MY_GPIO_Init)
    MY_TIM4_Pwm_Init                         0x08001f51   Thumb Code   122  tim.o(i.MY_TIM4_Pwm_Init)
    MY_USART1_UART_Init                      0x08001fd5   Thumb Code    34  usart.o(i.MY_USART1_UART_Init)
    MY_USART6_UART_Init                      0x08002005   Thumb Code    52  usart.o(i.MY_USART6_UART_Init)
    MemManage_Handler                        0x08002041   Thumb Code     2  stm32f4xx_it.o(i.MemManage_Handler)
    NMI_Handler                              0x08002043   Thumb Code     2  stm32f4xx_it.o(i.NMI_Handler)
    Remote_Info                              0x08002045   Thumb Code    42  remote_ctrl.o(i.Remote_Info)
    Remote_task                              0x08002081   Thumb Code   172  remote_ctrl.o(i.Remote_task)
    Robotac_Init                             0x08002141   Thumb Code    72  robotac_init.o(i.Robotac_Init)
    Sanwai_task                              0x0800219d   Thumb Code    34  robotac_init.o(i.Sanwai_task)
    Start_task                               0x080021c9   Thumb Code   130  robotac_init.o(i.Start_task)
    SysTick_Handler                          0x080022a5   Thumb Code    22  delay.o(i.SysTick_Handler)
    SystemClock_Config                       0x080022bd   Thumb Code   170  robotac_init.o(i.SystemClock_Config)
    SystemInit                               0x08002371   Thumb Code    66  system_stm32f4xx.o(i.SystemInit)
    TIM2_IRQHandler                          0x080023c5   Thumb Code    36  tim.o(i.TIM2_IRQHandler)
    TIM_Base_SetConfig                       0x080023f5   Thumb Code   160  stm32f4xx_hal_tim.o(i.TIM_Base_SetConfig)
    TIM_CCxChannelCmd                        0x080024c1   Thumb Code    26  stm32f4xx_hal_tim.o(i.TIM_CCxChannelCmd)
    TIM_OC2_SetConfig                        0x08002545   Thumb Code   106  stm32f4xx_hal_tim.o(i.TIM_OC2_SetConfig)
    UART_Receive_DMA_NoIT                    0x0800267d   Thumb Code   122  usart.o(i.UART_Receive_DMA_NoIT)
    USART1_IRQHandler                        0x08002a71   Thumb Code     6  usart.o(i.USART1_IRQHandler)
    UsageFault_Handler                       0x08002a7d   Thumb Code     2  stm32f4xx_it.o(i.UsageFault_Handler)
    __scatterload_copy                       0x08002a9f   Thumb Code    14  handlers.o(i.__scatterload_copy)
    __scatterload_null                       0x08002aad   Thumb Code     2  handlers.o(i.__scatterload_null)
    __scatterload_zeroinit                   0x08002aaf   Thumb Code    14  handlers.o(i.__scatterload_zeroinit)
    all_pid_init                             0x08002abd   Thumb Code   104  pwm.o(i.all_pid_init)
    delay_init                               0x08002b31   Thumb Code    48  delay.o(i.delay_init)
    get_moto_measure                         0x08002b65   Thumb Code   106  bsp_can.o(i.get_moto_measure)
    main                                     0x08002bd5   Thumb Code    10  main.o(i.main)
    my_can_filter_init_recv_all              0x08002bdf   Thumb Code    38  bsp_can.o(i.my_can_filter_init_recv_all)
    pid_init                                 0x08002cfd   Thumb Code    14  pid.o(i.pid_init)
    pvPortMalloc                             0x08003561   Thumb Code   208  heap_4.o(i.pvPortMalloc)
    pvTaskIncrementMutexHeldCount            0x08003635   Thumb Code    20  tasks.o(i.pvTaskIncrementMutexHeldCount)
    pxPortInitialiseStack                    0x0800364d   Thumb Code    30  port.o(i.pxPortInitialiseStack)
    send_data                                0x08003671   Thumb Code    16  sanwai.o(i.send_data)
    set_moto_current                         0x08003685   Thumb Code    58  bsp_can.o(i.set_moto_current)
    shanwai_send_wave_form                   0x080036c5   Thumb Code    62  sanwai.o(i.shanwai_send_wave_form)
    uxListRemove                             0x08003709   Thumb Code    38  list.o(i.uxListRemove)
    vListInitialise                          0x0800372f   Thumb Code    22  list.o(i.vListInitialise)
    vListInitialiseItem                      0x08003745   Thumb Code     6  list.o(i.vListInitialiseItem)
    vListInsert                              0x0800374b   Thumb Code    48  list.o(i.vListInsert)
    vListInsertEnd                           0x0800377b   Thumb Code    24  list.o(i.vListInsertEnd)
    vPortEnterCritical                       0x08003795   Thumb Code    54  port.o(i.vPortEnterCritical)
    vPortExitCritical                        0x080037d5   Thumb Code    38  port.o(i.vPortExitCritical)
    vPortFree                                0x08003801   Thumb Code    88  heap_4.o(i.vPortFree)
    vPortSetupTimerInterrupt                 0x0800385d   Thumb Code    32  port.o(i.vPortSetupTimerInterrupt)
    vPortValidateInterruptPriority           0x08003881   Thumb Code    74  port.o(i.vPortValidateInterruptPriority)
    vQueueAddToRegistry                      0x080038d5   Thumb Code    32  queue.o(i.vQueueAddToRegistry)
    vQueueWaitForMessageRestricted           0x080038f9   Thumb Code    70  queue.o(i.vQueueWaitForMessageRestricted)
    vTaskDelay                               0x08003941   Thumb Code    70  tasks.o(i.vTaskDelay)
    vTaskDelete                              0x08003991   Thumb Code   158  tasks.o(i.vTaskDelete)
    vTaskInternalSetTimeOutState             0x08003a3d   Thumb Code    12  tasks.o(i.vTaskInternalSetTimeOutState)
    vTaskMissedYield                         0x08003a4d   Thumb Code     8  tasks.o(i.vTaskMissedYield)
    vTaskPlaceOnEventList                    0x08003a59   Thumb Code    46  tasks.o(i.vTaskPlaceOnEventList)
    vTaskPlaceOnEventListRestricted          0x08003a8d   Thumb Code    54  tasks.o(i.vTaskPlaceOnEventListRestricted)
    vTaskPriorityDisinheritAfterTimeout      0x08003ac9   Thumb Code   164  tasks.o(i.vTaskPriorityDisinheritAfterTimeout)
    vTaskStartScheduler                      0x08003b75   Thumb Code    94  tasks.o(i.vTaskStartScheduler)
    vTaskSuspendAll                          0x08003be5   Thumb Code    10  tasks.o(i.vTaskSuspendAll)
    vTaskSwitchContext                       0x08003bf5   Thumb Code    86  tasks.o(i.vTaskSwitchContext)
    xPortStartScheduler                      0x08003c55   Thumb Code   222  port.o(i.xPortStartScheduler)
    xPortSysTickHandler                      0x08003d49   Thumb Code    38  port.o(i.xPortSysTickHandler)
    xQueueGenericCreate                      0x08003d75   Thumb Code    68  queue.o(i.xQueueGenericCreate)
    xQueueGenericReset                       0x08003db9   Thumb Code   134  queue.o(i.xQueueGenericReset)
    xQueueGenericSend                        0x08003e45   Thumb Code   352  queue.o(i.xQueueGenericSend)
    xQueueGenericSendFromISR                 0x08003fa9   Thumb Code   190  queue.o(i.xQueueGenericSendFromISR)
    xQueueGiveFromISR                        0x08004067   Thumb Code   158  queue.o(i.xQueueGiveFromISR)
    xQueueReceive                            0x08004105   Thumb Code   310  queue.o(i.xQueueReceive)
    xQueueSemaphoreTake                      0x08004241   Thumb Code   376  queue.o(i.xQueueSemaphoreTake)
    xTaskCheckForTimeOut                     0x080043bd   Thumb Code   118  tasks.o(i.xTaskCheckForTimeOut)
    xTaskCreate                              0x08004439   Thumb Code    96  tasks.o(i.xTaskCreate)
    xTaskGetSchedulerState                   0x08004499   Thumb Code    24  tasks.o(i.xTaskGetSchedulerState)
    xTaskGetTickCount                        0x080044b5   Thumb Code     6  tasks.o(i.xTaskGetTickCount)
    xTaskIncrementTick                       0x080044c1   Thumb Code   196  tasks.o(i.xTaskIncrementTick)
    xTaskPriorityDisinherit                  0x0800458d   Thumb Code   144  tasks.o(i.xTaskPriorityDisinherit)
    xTaskPriorityInherit                     0x08004625   Thumb Code   142  tasks.o(i.xTaskPriorityInherit)
    xTaskRemoveFromEventList                 0x080046bd   Thumb Code   114  tasks.o(i.xTaskRemoveFromEventList)
    xTaskResumeAll                           0x08004739   Thumb Code   192  tasks.o(i.xTaskResumeAll)
    xTimerCreateTimerTask                    0x08004805   Thumb Code    62  timers.o(i.xTimerCreateTimerTask)
    xTimerGenericCommand                     0x08004855   Thumb Code    98  timers.o(i.xTimerGenericCommand)
    AHBPrescTable                            0x080048c4   Data          16  system_stm32f4xx.o(.constdata)
    APBPrescTable                            0x080048d4   Data           8  system_stm32f4xx.o(.constdata)
    Region$$Table$$Base                      0x080048dc   Number         0  anon$$obj.o(Region$$Table)
    Region$$Table$$Limit                     0x080048fc   Number         0  anon$$obj.o(Region$$Table)
    cnt                                      0x20000000   Data           1  tim.o(.data)
    Remote_msg                               0x2000000c   Data           4  usart.o(.data)
    Remote_Sem                               0x20000010   Data           4  usart.o(.data)
    StartTask_Handler                        0x20000014   Data           4  robotac_init.o(.data)
    SanwaiTask_Handler                       0x20000018   Data           4  robotac_init.o(.data)
    uwTickFreq                               0x2000001c   Data           1  stm32f4xx_hal.o(.data)
    uwTickPrio                               0x20000020   Data           4  stm32f4xx_hal.o(.data)
    uwTick                                   0x20000024   Data           4  stm32f4xx_hal.o(.data)
    SystemCoreClock                          0x20000028   Data           4  system_stm32f4xx.o(.data)
    Latest_Remote_Control_Pack_Time          0x2000002c   Data           4  remote_ctrl.o(.data)
    LED_Flash_Timer_remote_control           0x20000030   Data           4  remote_ctrl.o(.data)
    dbus_time                                0x20000034   Data           4  remote_ctrl.o(.data)
    RemoteTask_Handler                       0x20000038   Data           4  remote_ctrl.o(.data)
    RemoteInfo_Handler                       0x2000003c   Data           4  remote_ctrl.o(.data)
    FlashTimer                               0x20000044   Data           4  bsp_can.o(.data)
    Can_RXData                               0x20000048   Data           8  bsp_can.o(.data)
    Can_TxData                               0x20000050   Data           8  bsp_can.o(.data)
    pxCurrentTCB                             0x20000058   Data           4  tasks.o(.data)
    LED1_Handler                             0x200000cc   Data           4  led.o(.data)
    htim2                                    0x200000d0   Data          64  tim.o(.bss)
    htim4                                    0x20000110   Data          64  tim.o(.bss)
    UART_Buffer                              0x20000150   Data         100  usart.o(.bss)
    huart1                                   0x200001b4   Data          64  usart.o(.bss)
    huart6                                   0x200001f4   Data          64  usart.o(.bss)
    hdma_usart1_rx                           0x20000234   Data          96  usart.o(.bss)
    wave_form_data                           0x20000294   Data          12  sanwai.o(.bss)
    hcan1                                    0x200002a0   Data          40  can.o(.bss)
    remote_control                           0x200002c8   Data          20  remote_ctrl.o(.bss)
    motor_pid                                0x200002dc   Data         400  pid.o(.bss)
    moto_chassis                             0x2000046c   Data         192  bsp_can.o(.bss)
    My_RxHeader                              0x2000052c   Data          28  bsp_can.o(.bss)
    My_TxHeader                              0x20000548   Data          24  bsp_can.o(.bss)
    xQueueRegistry                           0x20000560   Data          64  queue.o(.bss)
    __initial_sp                             0x200136b8   Data           0  startup_stm32f427xx.o(STACK)



==============================================================================

Memory Map of the image

  Image Entry point : 0x080001ad

  Load Region LR_IROM1 (Base: 0x08000000, Size: 0x000049cc, Max: 0x00200000, ABSOLUTE)

    Execution Region ER_IROM1 (Base: 0x08000000, Size: 0x000048fc, Max: 0x00200000, ABSOLUTE)

    Base Addr    Size         Type   Attr      Idx    E Section Name        Object

    0x08000000   0x000001ac   Data   RO            3    RESET               startup_stm32f427xx.o
    0x080001ac   0x00000000   Code   RO         4908  * .ARM.Collect$$$$00000000  mc_w.l(entry.o)
    0x080001ac   0x00000004   Code   RO         4921    .ARM.Collect$$$$00000001  mc_w.l(entry2.o)
    0x080001b0   0x00000004   Code   RO         4924    .ARM.Collect$$$$00000004  mc_w.l(entry5.o)
    0x080001b4   0x00000000   Code   RO         4926    .ARM.Collect$$$$00000008  mc_w.l(entry7b.o)
    0x080001b4   0x00000000   Code   RO         4928    .ARM.Collect$$$$0000000A  mc_w.l(entry8b.o)
    0x080001b4   0x00000008   Code   RO         4929    .ARM.Collect$$$$0000000B  mc_w.l(entry9a.o)
    0x080001bc   0x00000000   Code   RO         4931    .ARM.Collect$$$$0000000D  mc_w.l(entry10a.o)
    0x080001bc   0x00000000   Code   RO         4933    .ARM.Collect$$$$0000000F  mc_w.l(entry11a.o)
    0x080001bc   0x00000004   Code   RO         4922    .ARM.Collect$$$$00002712  mc_w.l(entry2.o)
    0x080001c0   0x000000be   Code   RO         4731    .emb_text           port.o
    0x0800027e   0x00000002   PAD
    0x08000280   0x00000024   Code   RO            4    .text               startup_stm32f427xx.o
    0x080002a4   0x00000062   Code   RO         4911    .text               mc_w.l(uldiv.o)
    0x08000306   0x00000024   Code   RO         4913    .text               mc_w.l(memcpya.o)
    0x0800032a   0x00000024   Code   RO         4917    .text               mc_w.l(memseta.o)
    0x0800034e   0x0000001e   Code   RO         4935    .text               mc_w.l(llshl.o)
    0x0800036c   0x00000020   Code   RO         4937    .text               mc_w.l(llushr.o)
    0x0800038c   0x00000024   Code   RO         4939    .text               mc_w.l(init.o)
    0x080003b0   0x00000002   Code   RO          230    i.BusFault_Handler  stm32f4xx_it.o
    0x080003b2   0x00000002   PAD
    0x080003b4   0x0000000c   Code   RO          664    i.CAN1_RX0_IRQHandler  can.o
    0x080003c0   0x0000000c   Code   RO          665    i.CAN1_TX_IRQHandler  can.o
    0x080003cc   0x000000d4   Code   RO         3527    i.Callback_RC_Handle  remote_ctrl.o
    0x080004a0   0x0000002c   Code   RO         2555    i.DMA_CalcBaseAndBitshift  stm32f4xx_hal_dma.o
    0x080004cc   0x00000078   Code   RO         2556    i.DMA_CheckFifoParam  stm32f4xx_hal_dma.o
    0x08000544   0x0000002a   Code   RO         2557    i.DMA_SetConfig     stm32f4xx_hal_dma.o
    0x0800056e   0x00000002   Code   RO          231    i.DebugMon_Handler  stm32f4xx_it.o
    0x08000570   0x00000002   Code   RO           13    i.Error_Handler     main.o
    0x08000572   0x00000024   Code   RO         3256    i.HAL_CAN_ActivateNotification  stm32f4xx_hal_can_1.o
    0x08000596   0x000000f2   Code   RO         3257    i.HAL_CAN_AddTxMessage  stm32f4xx_hal_can_1.o
    0x08000688   0x00000110   Code   RO         3258    i.HAL_CAN_ConfigFilter  stm32f4xx_hal_can_1.o
    0x08000798   0x00000014   Code   RO          666    i.HAL_CAN_ErrorCallback  can.o
    0x080007ac   0x00000104   Code   RO         3264    i.HAL_CAN_GetRxMessage  stm32f4xx_hal_can_1.o
    0x080008b0   0x000001fc   Code   RO         3268    i.HAL_CAN_IRQHandler  stm32f4xx_hal_can_1.o
    0x08000aac   0x00000152   Code   RO         3269    i.HAL_CAN_Init      stm32f4xx_hal_can_1.o
    0x08000bfe   0x00000002   PAD
    0x08000c00   0x00000074   Code   RO          668    i.HAL_CAN_MspInit   can.o
    0x08000c74   0x00000002   Code   RO         3276    i.HAL_CAN_RxFifo0FullCallback  stm32f4xx_hal_can_1.o
    0x08000c76   0x00000002   PAD
    0x08000c78   0x00000084   Code   RO         3623    i.HAL_CAN_RxFifo0MsgPendingCallback  bsp_can.o
    0x08000cfc   0x00000002   Code   RO         3278    i.HAL_CAN_RxFifo1FullCallback  stm32f4xx_hal_can_1.o
    0x08000cfe   0x00000002   Code   RO         3279    i.HAL_CAN_RxFifo1MsgPendingCallback  stm32f4xx_hal_can_1.o
    0x08000d00   0x00000002   Code   RO         3280    i.HAL_CAN_SleepCallback  stm32f4xx_hal_can_1.o
    0x08000d02   0x00000058   Code   RO         3281    i.HAL_CAN_Start     stm32f4xx_hal_can_1.o
    0x08000d5a   0x00000002   Code   RO         3283    i.HAL_CAN_TxMailbox0AbortCallback  stm32f4xx_hal_can_1.o
    0x08000d5c   0x00000002   Code   RO         3284    i.HAL_CAN_TxMailbox0CompleteCallback  stm32f4xx_hal_can_1.o
    0x08000d5e   0x00000002   Code   RO         3285    i.HAL_CAN_TxMailbox1AbortCallback  stm32f4xx_hal_can_1.o
    0x08000d60   0x00000002   Code   RO         3286    i.HAL_CAN_TxMailbox1CompleteCallback  stm32f4xx_hal_can_1.o
    0x08000d62   0x00000002   Code   RO         3287    i.HAL_CAN_TxMailbox2AbortCallback  stm32f4xx_hal_can_1.o
    0x08000d64   0x00000002   Code   RO         3288    i.HAL_CAN_TxMailbox2CompleteCallback  stm32f4xx_hal_can_1.o
    0x08000d66   0x00000002   Code   RO         3290    i.HAL_CAN_WakeUpFromRxMsgCallback  stm32f4xx_hal_can_1.o
    0x08000d68   0x000000d4   Code   RO         2564    i.HAL_DMA_Init      stm32f4xx_hal_dma.o
    0x08000e3c   0x00000046   Code   RO         2567    i.HAL_DMA_Start     stm32f4xx_hal_dma.o
    0x08000e82   0x00000002   PAD
    0x08000e84   0x000001e0   Code   RO         2451    i.HAL_GPIO_Init     stm32f4xx_hal_gpio.o
    0x08001064   0x00000012   Code   RO         2454    i.HAL_GPIO_TogglePin  stm32f4xx_hal_gpio.o
    0x08001076   0x0000000e   Code   RO         2455    i.HAL_GPIO_WritePin  stm32f4xx_hal_gpio.o
    0x08001084   0x0000000c   Code   RO         3003    i.HAL_GetTick       stm32f4xx_hal.o
    0x08001090   0x00000010   Code   RO         3009    i.HAL_IncTick       stm32f4xx_hal.o
    0x080010a0   0x00000034   Code   RO         3010    i.HAL_Init          stm32f4xx_hal.o
    0x080010d4   0x00000044   Code   RO         3011    i.HAL_InitTick      stm32f4xx_hal.o
    0x08001118   0x00000030   Code   RO          287    i.HAL_MspInit       stm32f4xx_hal_msp.o
    0x08001148   0x0000001a   Code   RO         2858    i.HAL_NVIC_EnableIRQ  stm32f4xx_hal_cortex.o
    0x08001162   0x00000002   PAD
    0x08001164   0x00000040   Code   RO         2864    i.HAL_NVIC_SetPriority  stm32f4xx_hal_cortex.o
    0x080011a4   0x00000024   Code   RO         2865    i.HAL_NVIC_SetPriorityGrouping  stm32f4xx_hal_cortex.o
    0x080011c8   0x00000144   Code   RO         1995    i.HAL_RCC_ClockConfig  stm32f4xx_hal_rcc.o
    0x0800130c   0x0000000c   Code   RO         2000    i.HAL_RCC_GetHCLKFreq  stm32f4xx_hal_rcc.o
    0x08001318   0x00000020   Code   RO         2002    i.HAL_RCC_GetPCLK1Freq  stm32f4xx_hal_rcc.o
    0x08001338   0x00000020   Code   RO         2003    i.HAL_RCC_GetPCLK2Freq  stm32f4xx_hal_rcc.o
    0x08001358   0x0000006c   Code   RO         2004    i.HAL_RCC_GetSysClockFreq  stm32f4xx_hal_rcc.o
    0x080013c4   0x00000390   Code   RO         2007    i.HAL_RCC_OscConfig  stm32f4xx_hal_rcc.o
    0x08001754   0x0000001c   Code   RO         2867    i.HAL_SYSTICK_CLKSourceConfig  stm32f4xx_hal_cortex.o
    0x08001770   0x00000028   Code   RO         2869    i.HAL_SYSTICK_Config  stm32f4xx_hal_cortex.o
    0x08001798   0x00000002   Code   RO         1412    i.HAL_TIMEx_BreakCallback  stm32f4xx_hal_tim_ex.o
    0x0800179a   0x00000002   Code   RO         1413    i.HAL_TIMEx_CommutCallback  stm32f4xx_hal_tim_ex.o
    0x0800179c   0x00000002   Code   RO          755    i.HAL_TIM_IC_CaptureCallback  stm32f4xx_hal_tim.o
    0x0800179e   0x0000016e   Code   RO          769    i.HAL_TIM_IRQHandler  stm32f4xx_hal_tim.o
    0x0800190c   0x00000002   Code   RO          772    i.HAL_TIM_OC_DelayElapsedCallback  stm32f4xx_hal_tim.o
    0x0800190e   0x000000da   Code   RO          793    i.HAL_TIM_PWM_ConfigChannel  stm32f4xx_hal_tim.o
    0x080019e8   0x00000038   Code   RO          796    i.HAL_TIM_PWM_Init  stm32f4xx_hal_tim.o
    0x08001a20   0x0000005c   Code   RO          290    i.HAL_TIM_PWM_MspInit  stm32f4xx_hal_msp.o
    0x08001a7c   0x00000002   Code   RO          799    i.HAL_TIM_PWM_PulseFinishedCallback  stm32f4xx_hal_tim.o
    0x08001a7e   0x00000002   PAD
    0x08001a80   0x00000044   Code   RO          801    i.HAL_TIM_PWM_Start  stm32f4xx_hal_tim.o
    0x08001ac4   0x00000002   Code   RO          807    i.HAL_TIM_PeriodElapsedCallback  stm32f4xx_hal_tim.o
    0x08001ac6   0x00000002   Code   RO          812    i.HAL_TIM_TriggerCallback  stm32f4xx_hal_tim.o
    0x08001ac8   0x00000108   Code   RO          463    i.HAL_UART_IDLE_IRQHandler  usart.o
    0x08001bd0   0x00000064   Code   RO         1688    i.HAL_UART_Init     stm32f4xx_hal_uart.o
    0x08001c34   0x000000d0   Code   RO          292    i.HAL_UART_MspInit  stm32f4xx_hal_msp.o
    0x08001d04   0x00000012   Code   RO          464    i.HAL_UART_Receive_IT_IDLE  usart.o
    0x08001d16   0x000000cc   Code   RO         1696    i.HAL_UART_Transmit  stm32f4xx_hal_uart.o
    0x08001de2   0x00000002   Code   RO          232    i.HardFault_Handler  stm32f4xx_it.o
    0x08001de4   0x0000001c   Code   RO         4860    i.Led1_task         led.o
    0x08001e00   0x00000050   Code   RO          669    i.MX_CAN1_Init      can.o
    0x08001e50   0x0000003c   Code   RO          640    i.MY_DMA_Init       dma.o
    0x08001e8c   0x000000c4   Code   RO          580    i.MY_GPIO_Init      gpio.o
    0x08001f50   0x00000084   Code   RO          342    i.MY_TIM4_Pwm_Init  tim.o
    0x08001fd4   0x00000030   Code   RO          465    i.MY_USART1_UART_Init  usart.o
    0x08002004   0x0000003c   Code   RO          466    i.MY_USART6_UART_Init  usart.o
    0x08002040   0x00000002   Code   RO          233    i.MemManage_Handler  stm32f4xx_it.o
    0x08002042   0x00000002   Code   RO          234    i.NMI_Handler       stm32f4xx_it.o
    0x08002044   0x0000003c   Code   RO         3528    i.Remote_Info       remote_ctrl.o
    0x08002080   0x000000c0   Code   RO         3529    i.Remote_task       remote_ctrl.o
    0x08002140   0x0000005c   Code   RO          532    i.Robotac_Init      robotac_init.o
    0x0800219c   0x0000002c   Code   RO          533    i.Sanwai_task       robotac_init.o
    0x080021c8   0x000000dc   Code   RO          534    i.Start_task        robotac_init.o
    0x080022a4   0x00000016   Code   RO          385    i.SysTick_Handler   delay.o
    0x080022ba   0x00000002   PAD
    0x080022bc   0x000000b4   Code   RO          535    i.SystemClock_Config  robotac_init.o
    0x08002370   0x00000054   Code   RO         3490    i.SystemInit        system_stm32f4xx.o
    0x080023c4   0x00000030   Code   RO          343    i.TIM2_IRQHandler   tim.o
    0x080023f4   0x000000cc   Code   RO          814    i.TIM_Base_SetConfig  stm32f4xx_hal_tim.o
    0x080024c0   0x0000001a   Code   RO          815    i.TIM_CCxChannelCmd  stm32f4xx_hal_tim.o
    0x080024da   0x00000002   PAD
    0x080024dc   0x00000068   Code   RO          827    i.TIM_OC1_SetConfig  stm32f4xx_hal_tim.o
    0x08002544   0x00000074   Code   RO          828    i.TIM_OC2_SetConfig  stm32f4xx_hal_tim.o
    0x080025b8   0x00000070   Code   RO          829    i.TIM_OC3_SetConfig  stm32f4xx_hal_tim.o
    0x08002628   0x00000054   Code   RO          830    i.TIM_OC4_SetConfig  stm32f4xx_hal_tim.o
    0x0800267c   0x0000007a   Code   RO          467    i.UART_Receive_DMA_NoIT  usart.o
    0x080026f6   0x00000002   PAD
    0x080026f8   0x00000314   Code   RO         1715    i.UART_SetConfig    stm32f4xx_hal_uart.o
    0x08002a0c   0x00000064   Code   RO         1717    i.UART_WaitOnFlagUntilTimeout  stm32f4xx_hal_uart.o
    0x08002a70   0x0000000c   Code   RO          468    i.USART1_IRQHandler  usart.o
    0x08002a7c   0x00000002   Code   RO          235    i.UsageFault_Handler  stm32f4xx_it.o
    0x08002a7e   0x00000020   Code   RO         2871    i.__NVIC_SetPriority  stm32f4xx_hal_cortex.o
    0x08002a9e   0x0000000e   Code   RO         4943    i.__scatterload_copy  mc_w.l(handlers.o)
    0x08002aac   0x00000002   Code   RO         4944    i.__scatterload_null  mc_w.l(handlers.o)
    0x08002aae   0x0000000e   Code   RO         4945    i.__scatterload_zeroinit  mc_w.l(handlers.o)
    0x08002abc   0x00000074   Code   RO         3682    i.all_pid_init      pwm.o
    0x08002b30   0x00000034   Code   RO          386    i.delay_init        delay.o
    0x08002b64   0x00000070   Code   RO         3624    i.get_moto_measure  bsp_can.o
    0x08002bd4   0x0000000a   Code   RO           14    i.main              main.o
    0x08002bde   0x00000026   Code   RO         3627    i.my_can_filter_init_recv_all  bsp_can.o
    0x08002c04   0x000000f8   Code   RO         3572    i.pid_calculate     pid.o
    0x08002cfc   0x0000001c   Code   RO         3573    i.pid_init          pid.o
    0x08002d18   0x0000005c   Code   RO         3574    i.pid_param_init    pid.o
    0x08002d74   0x0000000e   Code   RO         3575    i.pid_reset         pid.o
    0x08002d82   0x00000002   PAD
    0x08002d84   0x00000070   Code   RO         4228    i.prvAddCurrentTaskToDelayedList  tasks.o
    0x08002df4   0x0000008c   Code   RO         4229    i.prvAddNewTaskToReadyList  tasks.o
    0x08002e80   0x00000050   Code   RO         4580    i.prvCheckForValidListAndQueue  timers.o
    0x08002ed0   0x0000003c   Code   RO         4230    i.prvCheckTasksWaitingTermination  tasks.o
    0x08002f0c   0x00000028   Code   RO         3851    i.prvCopyDataFromQueue  queue.o
    0x08002f34   0x0000006e   Code   RO         3852    i.prvCopyDataToQueue  queue.o
    0x08002fa2   0x00000014   Code   RO         4231    i.prvDeleteTCB      tasks.o
    0x08002fb6   0x00000014   Code   RO         3853    i.prvGetDisinheritPriorityAfterTimeout  queue.o
    0x08002fca   0x00000002   PAD
    0x08002fcc   0x00000024   Code   RO         4581    i.prvGetNextExpireTime  timers.o
    0x08002ff0   0x0000004c   Code   RO         4808    i.prvHeapInit       heap_4.o
    0x0800303c   0x00000006   Code   RO         4232    i.prvIdleTask       tasks.o
    0x08003042   0x00000022   Code   RO         3855    i.prvInitialiseNewQueue  queue.o
    0x08003064   0x000000a8   Code   RO         4233    i.prvInitialiseNewTask  tasks.o
    0x0800310c   0x00000058   Code   RO         4234    i.prvInitialiseTaskLists  tasks.o
    0x08003164   0x00000054   Code   RO         4809    i.prvInsertBlockIntoFreeList  heap_4.o
    0x080031b8   0x00000040   Code   RO         4583    i.prvInsertTimerInActiveList  timers.o
    0x080031f8   0x0000001a   Code   RO         3856    i.prvIsQueueEmpty   queue.o
    0x08003212   0x0000001e   Code   RO         3857    i.prvIsQueueFull    queue.o
    0x08003230   0x00000068   Code   RO         4584    i.prvProcessExpiredTimer  timers.o
    0x08003298   0x000000f0   Code   RO         4585    i.prvProcessReceivedCommands  timers.o
    0x08003388   0x0000006c   Code   RO         4586    i.prvProcessTimerOrBlockTask  timers.o
    0x080033f4   0x00000024   Code   RO         4236    i.prvResetNextTaskUnblockTime  tasks.o
    0x08003418   0x0000002c   Code   RO         4587    i.prvSampleTimeNow  timers.o
    0x08003444   0x00000070   Code   RO         4588    i.prvSwitchTimerLists  timers.o
    0x080034b4   0x0000002c   Code   RO         4732    i.prvTaskExitError  port.o
    0x080034e0   0x00000014   Code   RO         4589    i.prvTimerTask      timers.o
    0x080034f4   0x0000006a   Code   RO         3858    i.prvUnlockQueue    queue.o
    0x0800355e   0x00000002   PAD
    0x08003560   0x000000d4   Code   RO         4810    i.pvPortMalloc      heap_4.o
    0x08003634   0x00000018   Code   RO         4239    i.pvTaskIncrementMutexHeldCount  tasks.o
    0x0800364c   0x00000024   Code   RO         4733    i.pxPortInitialiseStack  port.o
    0x08003670   0x00000014   Code   RO          604    i.send_data         sanwai.o
    0x08003684   0x00000040   Code   RO         3628    i.set_moto_current  bsp_can.o
    0x080036c4   0x00000044   Code   RO          605    i.shanwai_send_wave_form  sanwai.o
    0x08003708   0x00000026   Code   RO         3811    i.uxListRemove      list.o
    0x0800372e   0x00000016   Code   RO         3812    i.vListInitialise   list.o
    0x08003744   0x00000006   Code   RO         3813    i.vListInitialiseItem  list.o
    0x0800374a   0x00000030   Code   RO         3814    i.vListInsert       list.o
    0x0800377a   0x00000018   Code   RO         3815    i.vListInsertEnd    list.o
    0x08003792   0x00000002   PAD
    0x08003794   0x00000040   Code   RO         4735    i.vPortEnterCritical  port.o
    0x080037d4   0x0000002c   Code   RO         4736    i.vPortExitCritical  port.o
    0x08003800   0x0000005c   Code   RO         4811    i.vPortFree         heap_4.o
    0x0800385c   0x00000024   Code   RO         4737    i.vPortSetupTimerInterrupt  port.o
    0x08003880   0x00000054   Code   RO         4738    i.vPortValidateInterruptPriority  port.o
    0x080038d4   0x00000024   Code   RO         3864    i.vQueueAddToRegistry  queue.o
    0x080038f8   0x00000046   Code   RO         3868    i.vQueueWaitForMessageRestricted  queue.o
    0x0800393e   0x00000002   PAD
    0x08003940   0x00000050   Code   RO         4247    i.vTaskDelay        tasks.o
    0x08003990   0x000000ac   Code   RO         4249    i.vTaskDelete       tasks.o
    0x08003a3c   0x00000010   Code   RO         4252    i.vTaskInternalSetTimeOutState  tasks.o
    0x08003a4c   0x0000000c   Code   RO         4253    i.vTaskMissedYield  tasks.o
    0x08003a58   0x00000034   Code   RO         4255    i.vTaskPlaceOnEventList  tasks.o
    0x08003a8c   0x0000003c   Code   RO         4256    i.vTaskPlaceOnEventListRestricted  tasks.o
    0x08003ac8   0x000000ac   Code   RO         4258    i.vTaskPriorityDisinheritAfterTimeout  tasks.o
    0x08003b74   0x00000070   Code   RO         4264    i.vTaskStartScheduler  tasks.o
    0x08003be4   0x00000010   Code   RO         4266    i.vTaskSuspendAll   tasks.o
    0x08003bf4   0x00000060   Code   RO         4267    i.vTaskSwitchContext  tasks.o
    0x08003c54   0x000000f4   Code   RO         4739    i.xPortStartScheduler  port.o
    0x08003d48   0x0000002c   Code   RO         4740    i.xPortSysTickHandler  port.o
    0x08003d74   0x00000044   Code   RO         3871    i.xQueueGenericCreate  queue.o
    0x08003db8   0x0000008c   Code   RO         3872    i.xQueueGenericReset  queue.o
    0x08003e44   0x00000164   Code   RO         3873    i.xQueueGenericSend  queue.o
    0x08003fa8   0x000000be   Code   RO         3874    i.xQueueGenericSendFromISR  queue.o
    0x08004066   0x0000009e   Code   RO         3875    i.xQueueGiveFromISR  queue.o
    0x08004104   0x0000013c   Code   RO         3881    i.xQueueReceive     queue.o
    0x08004240   0x0000017c   Code   RO         3883    i.xQueueSemaphoreTake  queue.o
    0x080043bc   0x0000007c   Code   RO         4268    i.xTaskCheckForTimeOut  tasks.o
    0x08004438   0x00000060   Code   RO         4269    i.xTaskCreate       tasks.o
    0x08004498   0x0000001c   Code   RO         4273    i.xTaskGetSchedulerState  tasks.o
    0x080044b4   0x0000000c   Code   RO         4274    i.xTaskGetTickCount  tasks.o
    0x080044c0   0x000000cc   Code   RO         4276    i.xTaskIncrementTick  tasks.o
    0x0800458c   0x00000098   Code   RO         4279    i.xTaskPriorityDisinherit  tasks.o
    0x08004624   0x00000098   Code   RO         4280    i.xTaskPriorityInherit  tasks.o
    0x080046bc   0x0000007c   Code   RO         4281    i.xTaskRemoveFromEventList  tasks.o
    0x08004738   0x000000cc   Code   RO         4282    i.xTaskResumeAll    tasks.o
    0x08004804   0x00000050   Code   RO         4596    i.xTimerCreateTimerTask  timers.o
    0x08004854   0x00000068   Code   RO         4597    i.xTimerGenericCommand  timers.o
    0x080048bc   0x00000008   Data   RO         2570    .constdata          stm32f4xx_hal_dma.o
    0x080048c4   0x00000010   Data   RO         3491    .constdata          system_stm32f4xx.o
    0x080048d4   0x00000008   Data   RO         3492    .constdata          system_stm32f4xx.o
    0x080048dc   0x00000020   Data   RO         4941    Region$$Table       anon$$obj.o


    Execution Region RW_IRAM1 (Base: 0x20000000, Size: 0x000136b8, Max: 0x00030000, ABSOLUTE)

    Base Addr    Size         Type   Attr      Idx    E Section Name        Object

    0x20000000   0x00000001   Data   RW          345    .data               tim.o
    0x20000001   0x00000003   PAD
    0x20000004   0x00000008   Data   RW          390    .data               delay.o
    0x2000000c   0x00000004   Data   RW          472    .data               usart.o
    0x20000010   0x00000004   Data   RW          473    .data               usart.o
    0x20000014   0x00000008   Data   RW          536    .data               robotac_init.o
    0x2000001c   0x0000000c   Data   RW         3017    .data               stm32f4xx_hal.o
    0x20000028   0x00000004   Data   RW         3493    .data               system_stm32f4xx.o
    0x2000002c   0x0000000c   Data   RW         3531    .data               remote_ctrl.o
    0x20000038   0x00000004   Data   RW         3532    .data               remote_ctrl.o
    0x2000003c   0x00000004   Data   RW         3533    .data               remote_ctrl.o
    0x20000040   0x00000018   Data   RW         3631    .data               bsp_can.o
    0x20000058   0x0000003c   Data   RW         4285    .data               tasks.o
    0x20000094   0x00000014   Data   RW         4603    .data               timers.o
    0x200000a8   0x0000000c   Data   RW         4741    .data               port.o
    0x200000b4   0x00000018   Data   RW         4816    .data               heap_4.o
    0x200000cc   0x00000004   Data   RW         4864    .data               led.o
    0x200000d0   0x00000080   Zero   RW          344    .bss                tim.o
    0x20000150   0x000000e4   Zero   RW          470    .bss                usart.o
    0x20000234   0x00000060   Zero   RW          471    .bss                usart.o
    0x20000294   0x0000000c   Zero   RW          606    .bss                sanwai.o
    0x200002a0   0x00000028   Zero   RW          670    .bss                can.o
    0x200002c8   0x00000014   Zero   RW         3530    .bss                remote_ctrl.o
    0x200002dc   0x00000190   Zero   RW         3576    .bss                pid.o
    0x2000046c   0x000000dc   Zero   RW         3629    .bss                bsp_can.o
    0x20000548   0x00000018   Zero   RW         3630    .bss                bsp_can.o
    0x20000560   0x00000040   Zero   RW         3885    .bss                queue.o
    0x200005a0   0x000000f0   Zero   RW         4284    .bss                tasks.o
    0x20000690   0x00000028   Zero   RW         4602    .bss                timers.o
    0x200006b8   0x00012c00   Zero   RW         4815    .bss                heap_4.o
    0x200132b8   0x00000400   Zero   RW            1    STACK               startup_stm32f427xx.o


==============================================================================

Image component sizes


      Code (inc. data)   RO Data    RW Data    ZI Data      Debug   Object Name

       346         30          0         24        244       4264   bsp_can.o
       240         40          0          0         40       3120   can.o
        74          4          0          8          0       1267   delay.o
        60          4          0          0          0        782   dma.o
         0          0          0          0          0       9652   event_groups.o
       196         12          0          0          0       1075   gpio.o
       464         22          0         24      76800       4551   heap_4.o
        28          6          0          4          0        882   led.o
       138          0          0          0          0       3242   list.o
        12          0          0          0          0     767643   main.o
       382         18          0          0        400       4493   pid.o
       786         84          0         12          0      11433   port.o
       116         12          0          0          0        651   pwm.o
      2080         24          0          0         64      19984   queue.o
       464         52          0         20         20       3505   remote_ctrl.o
       536        130          0          8          0       3022   robotac_init.o
        88         10          0          0         12       1578   sanwai.o
        36          8        428          0       1024        852   startup_stm32f427xx.o
       148         24          0         12          0       4029   stm32f4xx_hal.o
      1766          6          0          0          0      14363   stm32f4xx_hal_can_1.o
       226         14          0          0          0      34773   stm32f4xx_hal_cortex.o
       488         10          8          0          0       4751   stm32f4xx_hal_dma.o
       512         54          0          0          0       3205   stm32f4xx_hal_gpio.o
       348         50          0          0          0       2383   stm32f4xx_hal_msp.o
      1420         72          0          0          0       6304   stm32f4xx_hal_rcc.o
      1364         90          0          0          0      11590   stm32f4xx_hal_tim.o
         4          0          0          0          0       1609   stm32f4xx_hal_tim_ex.o
      1192          8          0          0          0       3968   stm32f4xx_hal_uart.o
        12          0          0          0          0       2825   stm32f4xx_it.o
        84         18         24          4          0       1203   system_stm32f4xx.o
      2538        200          0         60        240      27929   tasks.o
       180         22          0          1        128       1649   tim.o
       992         94          0         20         40      20583   timers.o
       524         46          0          8        324       4571   usart.o

    ----------------------------------------------------------------------
     17874       1164        492        208      79336     987731   Object Totals
         0          0         32          0          0          0   (incl. Generated)
        30          0          0          3          0          0   (incl. Padding)

    ----------------------------------------------------------------------

      Code (inc. data)   RO Data    RW Data    ZI Data      Debug   Library Member Name

         0          0          0          0          0          0   entry.o
         0          0          0          0          0          0   entry10a.o
         0          0          0          0          0          0   entry11a.o
         8          4          0          0          0          0   entry2.o
         4          0          0          0          0          0   entry5.o
         0          0          0          0          0          0   entry7b.o
         0          0          0          0          0          0   entry8b.o
         8          4          0          0          0          0   entry9a.o
        30          0          0          0          0          0   handlers.o
        36          8          0          0          0         68   init.o
        30          0          0          0          0         68   llshl.o
        32          0          0          0          0         68   llushr.o
        36          0          0          0          0         68   memcpya.o
        36          0          0          0          0        108   memseta.o
        98          0          0          0          0         92   uldiv.o

    ----------------------------------------------------------------------
       318         16          0          0          0        472   Library Totals
         0          0          0          0          0          0   (incl. Padding)

    ----------------------------------------------------------------------

      Code (inc. data)   RO Data    RW Data    ZI Data      Debug   Library Name

       318         16          0          0          0        472   mc_w.l

    ----------------------------------------------------------------------
       318         16          0          0          0        472   Library Totals

    ----------------------------------------------------------------------

==============================================================================


      Code (inc. data)   RO Data    RW Data    ZI Data      Debug   

     18192       1180        492        208      79336     970651   Grand Totals
     18192       1180        492        208      79336     970651   ELF Image Totals
     18192       1180        492        208          0          0   ROM Totals

==============================================================================

    Total RO  Size (Code + RO Data)                18684 (  18.25kB)
    Total RW  Size (RW Data + ZI Data)             79544 (  77.68kB)
    Total ROM Size (Code + RO Data + RW Data)      18892 (  18.45kB)

==============================================================================

